<html>
<body>
<pre>
<h1>µVision Build Log</h1>
<h2>Tool Versions:</h2>
IDE-Version: µVision V5.36.0.0
Copyright (C) 2021 ARM Ltd and ARM Germany GmbH. All rights reserved.
License Information: u er, zu, LIC=----
 
Tool Versions:
Toolchain:       MDK-Lite  Version: 5.36.0.0
Toolchain Path:  C:\Keil_v5\ARM\ARMCC\Bin
C Compiler:      Armcc.exe V5.06 update 7 (build 960)
Assembler:       Armasm.exe V5.06 update 7 (build 960)
Linker/Locator:  ArmLink.exe V5.06 update 7 (build 960)
Library Manager: ArmAr.exe V5.06 update 7 (build 960)
Hex Converter:   FromElf.exe V5.06 update 7 (build 960)
CPU DLL:         SARMCM3.DLL V5.36.0.0
Dialog DLL:      DCM.DLL V1.17.3.0
Target DLL:      UL2CM3.DLL V1.164.0.0
Dialog DLL:      TCM.DLL V1.53.0.0
 
<h2>Project:</h2>
C:\Users\max2184s\Desktop\AEiSy---MaxiKonstiGit\Praktikum\STM32G474.uvprojx
Project File Date:  04/14/2026

<h2>Output:</h2>
*** Using Compiler 'V5.06 update 7 (build 960)', folder: 'C:\Keil_v5\ARM\ARMCC\Bin'
Build target 'AEiSy_Px'
compiling Display.c...
Display.c(26): warning:  #61-D: integer operation result is out of range
  	GPIOD->MODER |= (2<<(15*2));
Display.c(26): warning:  #68-D: integer conversion resulted in a change of sign
  	GPIOD->MODER |= (2<<(15*2));
Display.c(28): warning:  #61-D: integer operation result is out of range
  	GPIOD->AFR[1] |= (12<<(7*4));
Display.c(28): warning:  #68-D: integer conversion resulted in a change of sign
  	GPIOD->AFR[1] |= (12<<(7*4));
Display.c(43): warning:  #61-D: integer operation result is out of range
  	GPIOE->AFR[0] |= (12<<(7*4));		
Display.c(43): warning:  #68-D: integer conversion resulted in a change of sign
  	GPIOE->AFR[0] |= (12<<(7*4));		
Display.c(73): warning:  #61-D: integer operation result is out of range
  	GPIOD->AFR[0] |= (12<<(7*4));	
Display.c(73): warning:  #68-D: integer conversion resulted in a change of sign
  	GPIOD->AFR[0] |= (12<<(7*4));	
Display.c(82): warning:  #61-D: integer operation result is out of range
  	FMC_Bank1_R->BTCR[1] = (3<<30) | (255<<8) | (15<<0);
Display.c: 9 warnings, 0 errors
linking...
Program Size: Code=1816 RO-data=504 RW-data=8 ZI-data=2440  
".\Objects\EBSy_Px.axf" - 0 Error(s), 9 Warning(s).

<h2>Software Packages used:</h2>

Package Vendor: Keil
                https://www.keil.com/pack/Keil.STM32G4xx_DFP.2.1.0.pack
                Keil.STM32G4xx_DFP.2.1.0
                STMicroelectronics STM32G4 Series Device Support

<h2>Collection of Component include folders:</h2>

<h2>Collection of Component Files used:</h2>
Build Time Elapsed:  00:00:01
</pre>
</body>
</html>
