Component: ARM Compiler 5.06 update 7 (build 960) Tool: armlink [4d3601]

==============================================================================

Section Cross References

    main.o(i.SysTick_Handler) refers to event.o(i.SetEvent) for SetEvent
    main.o(i.SysTick_Handler) refers to main.o(.data) for systickms
    main.o(i.main) refers to event.o(i.InitEventHandler) for InitEventHandler
    main.o(i.main) refers to event.o(i.SetEvent) for SetEvent
    main.o(i.main) refers to event.o(i.GetEvent) for GetEvent
    main.o(i.main) refers to display.o(i.DisplayHandler) for DisplayHandler
    main.o(i.main) refers to sonic.o(i.SonicHandler) for SonicHandler
    main.o(i.main) refers to cmps14.o(i.CmpsHandler) for CmpsHandler
    main.o(i.main) refers to system_stm32g4xx.o(.data) for SystemCoreClock
    event.o(i.GetEvent) refers to event.o(.bss) for EventQueue
    event.o(i.InitEventHandler) refers to event.o(.bss) for EventQueue
    event.o(i.SetEvent) refers to event.o(.bss) for EventQueue
    led.o(i.LedHandler) refers to led.o(i.LedInit) for LedInit
    display.o(i.DisplayHandler) refers to display.o(i.DisplayInit) for DisplayInit
    display.o(i.DisplayHandler) refers to display.o(i.DisplaySonicDistance) for DisplaySonicDistance
    display.o(i.DisplayInit) refers to display.o(i.Set_Text_Init) for Set_Text_Init
    display.o(i.DisplayInit) refers to display.o(i.Set_Graphic_Init) for Set_Graphic_Init
    display.o(i.DisplayInit) refers to display.o(i.LCD_Write_CMD) for LCD_Write_CMD
    display.o(i.DisplayInit) refers to display.o(i.LCD_ClearText) for LCD_ClearText
    display.o(i.DisplayInit) refers to display.o(i.LCD_Clear) for LCD_Clear
    display.o(i.DisplayInit) refers to display.o(i.LCD_SetCursor) for LCD_SetCursor
    display.o(i.DisplaySonicDistance) refers to display.o(i.LCD_SetCursor) for LCD_SetCursor
    display.o(i.DisplaySonicDistance) refers to display.o(i.LCD_PutString) for LCD_PutString
    display.o(i.DisplaySonicDistance) refers to display.o(i.LCD_DrawRect) for LCD_DrawRect
    display.o(i.DisplaySonicDistance) refers to sonic.o(i.SonicGetDistanceRight) for SonicGetDistanceRight
    display.o(i.DisplaySonicDistance) refers to display.o(i.bufferedPutString) for bufferedPutString
    display.o(i.DisplaySonicDistance) refers to sonic.o(i.SonicGetDistanceMiddle) for SonicGetDistanceMiddle
    display.o(i.DisplaySonicDistance) refers to sonic.o(i.SonicGetDistanceLeft) for SonicGetDistanceLeft
    display.o(i.DisplaySonicDistance) refers to cmps14.o(i.CMPS14_GetHeading) for CMPS14_GetHeading
    display.o(i.LCD_Clear) refers to display.o(i.LCD_Write_WORD) for LCD_Write_WORD
    display.o(i.LCD_Clear) refers to display.o(i.LCD_Write_CMD) for LCD_Write_CMD
    display.o(i.LCD_Clear) refers to display.o(i.LCD_Write_DATA) for LCD_Write_DATA
    display.o(i.LCD_ClearText) refers to display.o(i.LCD_SetCursor) for LCD_SetCursor
    display.o(i.LCD_ClearText) refers to display.o(i.LCD_Write_DATA) for LCD_Write_DATA
    display.o(i.LCD_ClearText) refers to display.o(i.LCD_Write_CMD) for LCD_Write_CMD
    display.o(i.LCD_DrawBitmap) refers to display.o(i.LCD_Write_WORD) for LCD_Write_WORD
    display.o(i.LCD_DrawBitmap) refers to display.o(i.LCD_Write_CMD) for LCD_Write_CMD
    display.o(i.LCD_DrawBitmap) refers to display.o(i.LCD_Write_DATA) for LCD_Write_DATA
    display.o(i.LCD_DrawHLine) refers to display.o(i.LCD_SetPixel) for LCD_SetPixel
    display.o(i.LCD_DrawRect) refers to display.o(i.LCD_DrawHLine) for LCD_DrawHLine
    display.o(i.LCD_DrawRect) refers to display.o(i.LCD_DrawVLine) for LCD_DrawVLine
    display.o(i.LCD_DrawVLine) refers to display.o(i.LCD_SetPixel) for LCD_SetPixel
    display.o(i.LCD_PutChar) refers to display.o(i.LCD_Write_DATA) for LCD_Write_DATA
    display.o(i.LCD_PutChar) refers to display.o(i.LCD_Write_CMD) for LCD_Write_CMD
    display.o(i.LCD_PutString) refers to display.o(i.LCD_PutChar) for LCD_PutChar
    display.o(i.LCD_SetCursor) refers to display.o(i.LCD_Write_DATA) for LCD_Write_DATA
    display.o(i.LCD_SetCursor) refers to display.o(i.LCD_Write_CMD) for LCD_Write_CMD
    display.o(i.LCD_SetGraphicAddress) refers to display.o(i.LCD_Write_WORD) for LCD_Write_WORD
    display.o(i.LCD_SetGraphicAddress) refers to display.o(i.LCD_Write_CMD) for LCD_Write_CMD
    display.o(i.LCD_SetPixel) refers to display.o(i.LCD_SetGraphicAddress) for LCD_SetGraphicAddress
    display.o(i.LCD_SetPixel) refers to display.o(i.LCD_Write_CMD) for LCD_Write_CMD
    display.o(i.LCD_Write_CMD) refers to display.o(i.Wait_Ready) for Wait_Ready
    display.o(i.LCD_Write_DATA) refers to display.o(i.Wait_Ready) for Wait_Ready
    display.o(i.LCD_Write_WORD) refers to display.o(i.LCD_Write_DATA) for LCD_Write_DATA
    display.o(i.Set_Graphic_Init) refers to display.o(i.LCD_Write_WORD) for LCD_Write_WORD
    display.o(i.Set_Graphic_Init) refers to display.o(i.LCD_Write_CMD) for LCD_Write_CMD
    display.o(i.Set_Text_Init) refers to display.o(i.LCD_Write_WORD) for LCD_Write_WORD
    display.o(i.Set_Text_Init) refers to display.o(i.LCD_Write_CMD) for LCD_Write_CMD
    display.o(i.Wait_Ready) refers to display.o(i.readStatus) for readStatus
    display.o(i.bufferedPutString) refers to _printf_percent.o(.ARM.Collect$$_printf_percent$$00000000) for _printf_percent
    display.o(i.bufferedPutString) refers to _printf_u.o(.ARM.Collect$$_printf_percent$$0000000A) for _printf_u
    display.o(i.bufferedPutString) refers to _printf_dec.o(.text) for _printf_int_dec
    display.o(i.bufferedPutString) refers to display.o(i.LCD_SetCursor) for LCD_SetCursor
    display.o(i.bufferedPutString) refers to noretval__2snprintf.o(.text) for __2snprintf
    display.o(i.bufferedPutString) refers to display.o(i.LCD_PutString) for LCD_PutString
    sonic.o(i.SonicGetDistanceByIndex) refers to sonic.o(.data) for lastDistanceLeft
    sonic.o(i.SonicGetDistanceLeft) refers to sonic.o(.data) for lastDistanceLeft
    sonic.o(i.SonicGetDistanceMiddle) refers to sonic.o(.data) for lastDistanceMiddle
    sonic.o(i.SonicGetDistanceRight) refers to sonic.o(.data) for lastDistanceRight
    sonic.o(i.SonicHandler) refers to sonic.o(i.SonicInit) for SonicInit
    sonic.o(i.SonicHandler) refers to sonic.o(i.SonicReadSensor) for SonicReadSensor
    sonic.o(i.SonicHandler) refers to sonic.o(.data) for current_sensor
    sonic.o(i.SonicInit) refers to sonic.o(.data) for sonic_pins
    sonic.o(i.SonicReadNextSensor) refers to sonic.o(i.SonicReadSensor) for SonicReadSensor
    sonic.o(i.SonicReadNextSensor) refers to sonic.o(.data) for current_sensor
    sonic.o(i.SonicReadSensor) refers to sonic.o(i.SonicSetOutput) for SonicSetOutput
    sonic.o(i.SonicReadSensor) refers to delay.o(DELAY) for delayms
    sonic.o(i.SonicReadSensor) refers to sonic.o(i.SonicSetInput) for SonicSetInput
    sonic.o(i.SonicReadSensor) refers to sonic.o(.data) for sonic_pins
    cmps14.o(i.CmpsHandler) refers to cmps14.o(i.CMPS14_Init) for CMPS14_Init
    system_stm32g4xx.o(i.SystemCoreClockUpdate) refers to system_stm32g4xx.o(.data) for SystemCoreClock
    system_stm32g4xx.o(i.SystemCoreClockUpdate) refers to system_stm32g4xx.o(.constdata) for AHBPrescTable
    startup_stm32g474xx.o(STACK) refers (Special) to heapauxi.o(.text) for __use_two_region_memory
    startup_stm32g474xx.o(HEAP) refers (Special) to heapauxi.o(.text) for __use_two_region_memory
    startup_stm32g474xx.o(RESET) refers (Special) to heapauxi.o(.text) for __use_two_region_memory
    startup_stm32g474xx.o(RESET) refers to startup_stm32g474xx.o(STACK) for __initial_sp
    startup_stm32g474xx.o(RESET) refers to startup_stm32g474xx.o(.text) for Reset_Handler
    startup_stm32g474xx.o(RESET) refers to main.o(i.SysTick_Handler) for SysTick_Handler
    startup_stm32g474xx.o(.text) refers (Special) to heapauxi.o(.text) for __use_two_region_memory
    startup_stm32g474xx.o(.text) refers to system_stm32g4xx.o(i.SystemInit) for SystemInit
    startup_stm32g474xx.o(.text) refers to __main.o(!!!main) for __main
    startup_stm32g474xx.o(.text) refers to startup_stm32g474xx.o(HEAP) for Heap_Mem
    startup_stm32g474xx.o(.text) refers to startup_stm32g474xx.o(STACK) for Stack_Mem
    __2snprintf.o(.text) refers to _printf_char_common.o(.text) for _printf_char_common
    __2snprintf.o(.text) refers to _sputc.o(.text) for _sputc
    __2snprintf.o(.text) refers to _snputc.o(.text) for _snputc
    noretval__2snprintf.o(.text) refers to _printf_char_common.o(.text) for _printf_char_common
    noretval__2snprintf.o(.text) refers to _sputc.o(.text) for _sputc
    noretval__2snprintf.o(.text) refers to _snputc.o(.text) for _snputc
    __printf.o(.text) refers to _printf_percent.o(.ARM.Collect$$_printf_percent$$00000000) for _printf_percent
    _printf_dec.o(.text) refers to _printf_intcommon.o(.text) for _printf_int_common
    __printf_flags.o(.text) refers to _printf_percent.o(.ARM.Collect$$_printf_percent$$00000000) for _printf_percent
    __printf_flags.o(.text) refers to __printf_flags.o(.constdata) for .constdata
    __printf_ss.o(.text) refers to _printf_percent.o(.ARM.Collect$$_printf_percent$$00000000) for _printf_percent
    __printf_flags_ss.o(.text) refers to _printf_percent.o(.ARM.Collect$$_printf_percent$$00000000) for _printf_percent
    __printf_flags_ss.o(.text) refers to __printf_flags_ss.o(.constdata) for .constdata
    __printf_wp.o(.text) refers to __printf_wp.o(i._is_digit) for _is_digit
    __printf_wp.o(.text) refers to _printf_percent.o(.ARM.Collect$$_printf_percent$$00000000) for _printf_percent
    __printf_flags_wp.o(.text) refers to __printf_wp.o(i._is_digit) for _is_digit
    __printf_flags_wp.o(.text) refers to _printf_percent.o(.ARM.Collect$$_printf_percent$$00000000) for _printf_percent
    __printf_flags_wp.o(.text) refers to __printf_flags_wp.o(.constdata) for .constdata
    __printf_ss_wp.o(.text) refers to __printf_wp.o(i._is_digit) for _is_digit
    __printf_ss_wp.o(.text) refers to _printf_percent.o(.ARM.Collect$$_printf_percent$$00000000) for _printf_percent
    __printf_flags_ss_wp.o(.text) refers to __printf_wp.o(i._is_digit) for _is_digit
    __printf_flags_ss_wp.o(.text) refers to _printf_percent.o(.ARM.Collect$$_printf_percent$$00000000) for _printf_percent
    __printf_flags_ss_wp.o(.text) refers to __printf_flags_ss_wp.o(.constdata) for .constdata
    _printf_u.o(.ARM.Collect$$_printf_percent$$0000000A) refers (Weak) to _printf_dec.o(.text) for _printf_int_dec
    _printf_percent.o(.ARM.Collect$$_printf_percent$$00000000) refers (Special) to _printf_percent_end.o(.ARM.Collect$$_printf_percent$$00000017) for _printf_percent_end
    __main.o(!!!main) refers to __rtentry.o(.ARM.Collect$$rtentry$$00000000) for __rt_entry
    __rtentry.o(.ARM.Collect$$rtentry$$00000000) refers (Special) to __rtentry2.o(.ARM.Collect$$rtentry$$0000000A) for __rt_entry_li
    __rtentry.o(.ARM.Collect$$rtentry$$00000000) refers (Special) to __rtentry2.o(.ARM.Collect$$rtentry$$0000000D) for __rt_entry_main
    __rtentry.o(.ARM.Collect$$rtentry$$00000000) refers (Special) to __rtentry2.o(.ARM.Collect$$rtentry$$0000000C) for __rt_entry_postli_1
    __rtentry.o(.ARM.Collect$$rtentry$$00000000) refers (Special) to __rtentry2.o(.ARM.Collect$$rtentry$$00000009) for __rt_entry_postsh_1
    __rtentry.o(.ARM.Collect$$rtentry$$00000000) refers (Special) to __rtentry2.o(.ARM.Collect$$rtentry$$00000002) for __rt_entry_presh_1
    __rtentry.o(.ARM.Collect$$rtentry$$00000000) refers (Special) to __rtentry4.o(.ARM.Collect$$rtentry$$00000004) for __rt_entry_sh
    _printf_char_common.o(.text) refers to __printf.o(.text) for __printf
    __rtentry2.o(.ARM.Collect$$rtentry$$00000008) refers to boardinit2.o(.text) for _platform_post_stackheap_init
    __rtentry2.o(.ARM.Collect$$rtentry$$0000000A) refers to libinit.o(.ARM.Collect$$libinit$$00000000) for __rt_lib_init
    __rtentry2.o(.ARM.Collect$$rtentry$$0000000B) refers to boardinit3.o(.text) for _platform_post_lib_init
    __rtentry2.o(.ARM.Collect$$rtentry$$0000000D) refers to main.o(i.main) for main
    __rtentry2.o(.ARM.Collect$$rtentry$$0000000D) refers to exit.o(.text) for exit
    __rtentry2.o(.ARM.exidx) refers to __rtentry2.o(.ARM.Collect$$rtentry$$00000001) for .ARM.Collect$$rtentry$$00000001
    __rtentry2.o(.ARM.exidx) refers to __rtentry2.o(.ARM.Collect$$rtentry$$00000008) for .ARM.Collect$$rtentry$$00000008
    __rtentry2.o(.ARM.exidx) refers to __rtentry2.o(.ARM.Collect$$rtentry$$0000000A) for .ARM.Collect$$rtentry$$0000000A
    __rtentry2.o(.ARM.exidx) refers to __rtentry2.o(.ARM.Collect$$rtentry$$0000000B) for .ARM.Collect$$rtentry$$0000000B
    __rtentry2.o(.ARM.exidx) refers to __rtentry2.o(.ARM.Collect$$rtentry$$0000000D) for .ARM.Collect$$rtentry$$0000000D
    __rtentry4.o(.ARM.Collect$$rtentry$$00000004) refers to sys_stackheap_outer.o(.text) for __user_setup_stackheap
    __rtentry4.o(.ARM.exidx) refers to __rtentry4.o(.ARM.Collect$$rtentry$$00000004) for .ARM.Collect$$rtentry$$00000004
    sys_stackheap_outer.o(.text) refers to libspace.o(.text) for __user_perproc_libspace
    sys_stackheap_outer.o(.text) refers to startup_stm32g474xx.o(.text) for __user_initial_stackheap
    exit.o(.text) refers to rtexit.o(.ARM.Collect$$rtexit$$00000000) for __rt_exit
    libinit.o(.ARM.Collect$$libinit$$00000000) refers (Special) to libinit2.o(.ARM.Collect$$libinit$$0000002E) for __rt_lib_init_alloca_1
    libinit.o(.ARM.Collect$$libinit$$00000000) refers (Special) to libinit2.o(.ARM.Collect$$libinit$$0000002C) for __rt_lib_init_argv_1
    libinit.o(.ARM.Collect$$libinit$$00000000) refers (Special) to libinit2.o(.ARM.Collect$$libinit$$0000001B) for __rt_lib_init_atexit_1
    libinit.o(.ARM.Collect$$libinit$$00000000) refers (Special) to libinit2.o(.ARM.Collect$$libinit$$00000021) for __rt_lib_init_clock_1
    libinit.o(.ARM.Collect$$libinit$$00000000) refers (Special) to libinit2.o(.ARM.Collect$$libinit$$00000032) for __rt_lib_init_cpp_1
    libinit.o(.ARM.Collect$$libinit$$00000000) refers (Special) to libinit2.o(.ARM.Collect$$libinit$$00000030) for __rt_lib_init_exceptions_1
    libinit.o(.ARM.Collect$$libinit$$00000000) refers (Special) to libinit2.o(.ARM.Collect$$libinit$$00000002) for __rt_lib_init_fp_1
    libinit.o(.ARM.Collect$$libinit$$00000000) refers (Special) to libinit2.o(.ARM.Collect$$libinit$$0000001F) for __rt_lib_init_fp_trap_1
    libinit.o(.ARM.Collect$$libinit$$00000000) refers (Special) to libinit2.o(.ARM.Collect$$libinit$$00000023) for __rt_lib_init_getenv_1
    libinit.o(.ARM.Collect$$libinit$$00000000) refers (Special) to libinit2.o(.ARM.Collect$$libinit$$0000000A) for __rt_lib_init_heap_1
    libinit.o(.ARM.Collect$$libinit$$00000000) refers (Special) to libinit2.o(.ARM.Collect$$libinit$$00000011) for __rt_lib_init_lc_collate_1
    libinit.o(.ARM.Collect$$libinit$$00000000) refers (Special) to libinit2.o(.ARM.Collect$$libinit$$00000013) for __rt_lib_init_lc_ctype_1
    libinit.o(.ARM.Collect$$libinit$$00000000) refers (Special) to libinit2.o(.ARM.Collect$$libinit$$00000015) for __rt_lib_init_lc_monetary_1
    libinit.o(.ARM.Collect$$libinit$$00000000) refers (Special) to libinit2.o(.ARM.Collect$$libinit$$00000017) for __rt_lib_init_lc_numeric_1
    libinit.o(.ARM.Collect$$libinit$$00000000) refers (Special) to libinit2.o(.ARM.Collect$$libinit$$00000019) for __rt_lib_init_lc_time_1
    libinit.o(.ARM.Collect$$libinit$$00000000) refers (Special) to libinit2.o(.ARM.Collect$$libinit$$00000004) for __rt_lib_init_preinit_1
    libinit.o(.ARM.Collect$$libinit$$00000000) refers (Special) to libinit2.o(.ARM.Collect$$libinit$$0000000E) for __rt_lib_init_rand_1
    libinit.o(.ARM.Collect$$libinit$$00000000) refers (Special) to libinit2.o(.ARM.Collect$$libinit$$00000033) for __rt_lib_init_return
    libinit.o(.ARM.Collect$$libinit$$00000000) refers (Special) to libinit2.o(.ARM.Collect$$libinit$$0000001D) for __rt_lib_init_signal_1
    libinit.o(.ARM.Collect$$libinit$$00000000) refers (Special) to libinit2.o(.ARM.Collect$$libinit$$00000025) for __rt_lib_init_stdio_1
    libinit.o(.ARM.Collect$$libinit$$00000000) refers (Special) to libinit2.o(.ARM.Collect$$libinit$$0000000C) for __rt_lib_init_user_alloc_1
    libspace.o(.text) refers to libspace.o(.bss) for __libspace_start
    rtexit.o(.ARM.Collect$$rtexit$$00000000) refers (Special) to rtexit2.o(.ARM.Collect$$rtexit$$00000004) for __rt_exit_exit
    rtexit.o(.ARM.Collect$$rtexit$$00000000) refers (Special) to rtexit2.o(.ARM.Collect$$rtexit$$00000003) for __rt_exit_ls
    rtexit.o(.ARM.Collect$$rtexit$$00000000) refers (Special) to rtexit2.o(.ARM.Collect$$rtexit$$00000002) for __rt_exit_prels_1
    rtexit.o(.ARM.exidx) refers (Special) to rtexit2.o(.ARM.Collect$$rtexit$$00000004) for __rt_exit_exit
    rtexit.o(.ARM.exidx) refers (Special) to rtexit2.o(.ARM.Collect$$rtexit$$00000003) for __rt_exit_ls
    rtexit.o(.ARM.exidx) refers (Special) to rtexit2.o(.ARM.Collect$$rtexit$$00000002) for __rt_exit_prels_1
    rtexit.o(.ARM.exidx) refers to rtexit.o(.ARM.Collect$$rtexit$$00000000) for .ARM.Collect$$rtexit$$00000000
    libinit2.o(.ARM.Collect$$libinit$$00000010) refers to libinit2.o(.ARM.Collect$$libinit$$0000000F) for .ARM.Collect$$libinit$$0000000F
    libinit2.o(.ARM.Collect$$libinit$$00000012) refers to libinit2.o(.ARM.Collect$$libinit$$0000000F) for .ARM.Collect$$libinit$$0000000F
    libinit2.o(.ARM.Collect$$libinit$$00000014) refers to libinit2.o(.ARM.Collect$$libinit$$0000000F) for .ARM.Collect$$libinit$$0000000F
    libinit2.o(.ARM.Collect$$libinit$$00000016) refers to libinit2.o(.ARM.Collect$$libinit$$0000000F) for .ARM.Collect$$libinit$$0000000F
    libinit2.o(.ARM.Collect$$libinit$$00000018) refers to libinit2.o(.ARM.Collect$$libinit$$0000000F) for .ARM.Collect$$libinit$$0000000F
    libinit2.o(.ARM.Collect$$libinit$$00000026) refers to argv_veneer.o(.emb_text) for __ARM_argv_veneer
    libinit2.o(.ARM.Collect$$libinit$$00000027) refers to argv_veneer.o(.emb_text) for __ARM_argv_veneer
    rtexit2.o(.ARM.Collect$$rtexit$$00000003) refers to libshutdown.o(.ARM.Collect$$libshutdown$$00000000) for __rt_lib_shutdown
    rtexit2.o(.ARM.Collect$$rtexit$$00000004) refers to sys_exit.o(.text) for _sys_exit
    rtexit2.o(.ARM.exidx) refers to rtexit2.o(.ARM.Collect$$rtexit$$00000001) for .ARM.Collect$$rtexit$$00000001
    rtexit2.o(.ARM.exidx) refers to rtexit2.o(.ARM.Collect$$rtexit$$00000003) for .ARM.Collect$$rtexit$$00000003
    rtexit2.o(.ARM.exidx) refers to rtexit2.o(.ARM.Collect$$rtexit$$00000004) for .ARM.Collect$$rtexit$$00000004
    argv_veneer.o(.emb_text) refers to no_argv.o(.text) for __ARM_get_argv
    sys_exit.o(.text) refers (Special) to use_no_semi.o(.text) for __I$use$semihosting
    sys_exit.o(.text) refers (Special) to indicate_semi.o(.text) for __semihosting_library_function
    _get_argv_nomalloc.o(.text) refers (Special) to hrguard.o(.text) for __heap_region$guard
    _get_argv_nomalloc.o(.text) refers to defsig_rtmem_outer.o(.text) for __rt_SIGRTMEM
    _get_argv_nomalloc.o(.text) refers to sys_command.o(.text) for _sys_command_string
    libshutdown.o(.ARM.Collect$$libshutdown$$00000000) refers (Special) to libshutdown2.o(.ARM.Collect$$libshutdown$$00000004) for __rt_lib_shutdown_cpp_1
    libshutdown.o(.ARM.Collect$$libshutdown$$00000000) refers (Special) to libshutdown2.o(.ARM.Collect$$libshutdown$$00000002) for __rt_lib_shutdown_fini_1
    libshutdown.o(.ARM.Collect$$libshutdown$$00000000) refers (Special) to libshutdown2.o(.ARM.Collect$$libshutdown$$00000009) for __rt_lib_shutdown_fp_trap_1
    libshutdown.o(.ARM.Collect$$libshutdown$$00000000) refers (Special) to libshutdown2.o(.ARM.Collect$$libshutdown$$00000011) for __rt_lib_shutdown_heap_1
    libshutdown.o(.ARM.Collect$$libshutdown$$00000000) refers (Special) to libshutdown2.o(.ARM.Collect$$libshutdown$$00000012) for __rt_lib_shutdown_return
    libshutdown.o(.ARM.Collect$$libshutdown$$00000000) refers (Special) to libshutdown2.o(.ARM.Collect$$libshutdown$$0000000C) for __rt_lib_shutdown_signal_1
    libshutdown.o(.ARM.Collect$$libshutdown$$00000000) refers (Special) to libshutdown2.o(.ARM.Collect$$libshutdown$$00000006) for __rt_lib_shutdown_stdio_1
    libshutdown.o(.ARM.Collect$$libshutdown$$00000000) refers (Special) to libshutdown2.o(.ARM.Collect$$libshutdown$$0000000E) for __rt_lib_shutdown_user_alloc_1
    sys_command.o(.text) refers (Special) to use_no_semi.o(.text) for __I$use$semihosting
    sys_command.o(.text) refers (Special) to indicate_semi.o(.text) for __semihosting_library_function
    defsig_rtmem_outer.o(.text) refers to defsig_rtmem_inner.o(.text) for __rt_SIGRTMEM_inner
    defsig_rtmem_outer.o(.text) refers to defsig_exit.o(.text) for __sig_exit
    defsig_rtmem_formal.o(.text) refers to rt_raise.o(.text) for __rt_raise
    rt_raise.o(.text) refers to __raise.o(.text) for __raise
    rt_raise.o(.text) refers to sys_exit.o(.text) for _sys_exit
    defsig_exit.o(.text) refers to sys_exit.o(.text) for _sys_exit
    defsig_rtmem_inner.o(.text) refers to defsig_general.o(.text) for __default_signal_display
    __raise.o(.text) refers to defsig.o(CL$$defsig) for __default_signal_handler
    defsig_general.o(.text) refers to sys_wrch.o(.text) for _ttywrch
    sys_wrch.o(.text) refers (Special) to use_no_semi.o(.text) for __I$use$semihosting
    sys_wrch.o(.text) refers (Special) to indicate_semi.o(.text) for __semihosting_library_function
    defsig.o(CL$$defsig) refers to defsig_rtmem_inner.o(.text) for __rt_SIGRTMEM_inner
    defsig_abrt_inner.o(.text) refers to defsig_general.o(.text) for __default_signal_display
    defsig_fpe_inner.o(.text) refers to defsig_general.o(.text) for __default_signal_display
    defsig_rtred_inner.o(.text) refers to defsig_general.o(.text) for __default_signal_display
    defsig_stak_inner.o(.text) refers to defsig_general.o(.text) for __default_signal_display
    defsig_pvfn_inner.o(.text) refers to defsig_general.o(.text) for __default_signal_display
    defsig_cppl_inner.o(.text) refers to defsig_general.o(.text) for __default_signal_display
    defsig_segv_inner.o(.text) refers to defsig_general.o(.text) for __default_signal_display
    defsig_other.o(.text) refers to defsig_general.o(.text) for __default_signal_display


==============================================================================

Removing Unused input sections from the image.

    Removing main.o(.rev16_text), (4 bytes).
    Removing main.o(.revsh_text), (4 bytes).
    Removing main.o(.rrx_text), (6 bytes).
    Removing led.o(.rev16_text), (4 bytes).
    Removing led.o(.revsh_text), (4 bytes).
    Removing led.o(.rrx_text), (6 bytes).
    Removing led.o(i.LedHandler), (52 bytes).
    Removing led.o(i.LedInit), (44 bytes).
    Removing display.o(.rev16_text), (4 bytes).
    Removing display.o(.revsh_text), (4 bytes).
    Removing display.o(.rrx_text), (6 bytes).
    Removing display.o(i.LCD_DrawBitmap), (66 bytes).
    Removing display.o(.constdata), (3840 bytes).
    Removing sonic.o(.rev16_text), (4 bytes).
    Removing sonic.o(.revsh_text), (4 bytes).
    Removing sonic.o(.rrx_text), (6 bytes).
    Removing sonic.o(i.SonicGetDistanceByIndex), (48 bytes).
    Removing sonic.o(i.SonicReadNextSensor), (16 bytes).
    Removing cmps14.o(.rev16_text), (4 bytes).
    Removing cmps14.o(.revsh_text), (4 bytes).
    Removing cmps14.o(.rrx_text), (6 bytes).
    Removing system_stm32g4xx.o(.rev16_text), (4 bytes).
    Removing system_stm32g4xx.o(.revsh_text), (4 bytes).
    Removing system_stm32g4xx.o(.rrx_text), (6 bytes).
    Removing system_stm32g4xx.o(i.SystemCoreClockUpdate), (156 bytes).
    Removing system_stm32g4xx.o(.constdata), (24 bytes).

26 unused section(s) (total 4330 bytes) removed from the image.

==============================================================================

Image Symbol Table

    Local Symbols

    Symbol Name                              Value     Ov Type        Size  Object(Section)

    ../clib/angel/boardlib.s                 0x00000000   Number         0  boardinit3.o ABSOLUTE
    ../clib/angel/boardlib.s                 0x00000000   Number         0  boardinit2.o ABSOLUTE
    ../clib/angel/boardlib.s                 0x00000000   Number         0  boardinit1.o ABSOLUTE
    ../clib/angel/boardlib.s                 0x00000000   Number         0  boardshut.o ABSOLUTE
    ../clib/angel/handlers.s                 0x00000000   Number         0  __scatter_copy.o ABSOLUTE
    ../clib/angel/handlers.s                 0x00000000   Number         0  __scatter_zi.o ABSOLUTE
    ../clib/angel/kernel.s                   0x00000000   Number         0  __rtentry.o ABSOLUTE
    ../clib/angel/kernel.s                   0x00000000   Number         0  __rtentry4.o ABSOLUTE
    ../clib/angel/kernel.s                   0x00000000   Number         0  __rtentry2.o ABSOLUTE
    ../clib/angel/kernel.s                   0x00000000   Number         0  rtexit.o ABSOLUTE
    ../clib/angel/kernel.s                   0x00000000   Number         0  rtexit2.o ABSOLUTE
    ../clib/angel/rt.s                       0x00000000   Number         0  rt_raise.o ABSOLUTE
    ../clib/angel/scatter.s                  0x00000000   Number         0  __scatter.o ABSOLUTE
    ../clib/angel/startup.s                  0x00000000   Number         0  __main.o ABSOLUTE
    ../clib/angel/sys.s                      0x00000000   Number         0  use_no_semi.o ABSOLUTE
    ../clib/angel/sys.s                      0x00000000   Number         0  indicate_semi.o ABSOLUTE
    ../clib/angel/sys.s                      0x00000000   Number         0  sys_stackheap_outer.o ABSOLUTE
    ../clib/angel/sys.s                      0x00000000   Number         0  libspace.o ABSOLUTE
    ../clib/angel/sysapp.c                   0x00000000   Number         0  sys_exit.o ABSOLUTE
    ../clib/angel/sysapp.c                   0x00000000   Number         0  sys_wrch.o ABSOLUTE
    ../clib/angel/sysapp.c                   0x00000000   Number         0  sys_command.o ABSOLUTE
    ../clib/armsys.c                         0x00000000   Number         0  no_argv.o ABSOLUTE
    ../clib/armsys.c                         0x00000000   Number         0  _get_argv_nomalloc.o ABSOLUTE
    ../clib/armsys.c                         0x00000000   Number         0  argv_veneer.o ABSOLUTE
    ../clib/armsys.c                         0x00000000   Number         0  argv_veneer.o ABSOLUTE
    ../clib/heapalloc.c                      0x00000000   Number         0  hrguard.o ABSOLUTE
    ../clib/heapaux.c                        0x00000000   Number         0  heapauxi.o ABSOLUTE
    ../clib/libinit.s                        0x00000000   Number         0  libshutdown.o ABSOLUTE
    ../clib/libinit.s                        0x00000000   Number         0  libinit.o ABSOLUTE
    ../clib/libinit.s                        0x00000000   Number         0  libshutdown2.o ABSOLUTE
    ../clib/libinit.s                        0x00000000   Number         0  libinit2.o ABSOLUTE
    ../clib/printf.c                         0x00000000   Number         0  __printf_flags_wp.o ABSOLUTE
    ../clib/printf.c                         0x00000000   Number         0  __printf_nopercent.o ABSOLUTE
    ../clib/printf.c                         0x00000000   Number         0  __printf_flags_ss_wp.o ABSOLUTE
    ../clib/printf.c                         0x00000000   Number         0  _printf_dec.o ABSOLUTE
    ../clib/printf.c                         0x00000000   Number         0  __printf.o ABSOLUTE
    ../clib/printf.c                         0x00000000   Number         0  _snputc.o ABSOLUTE
    ../clib/printf.c                         0x00000000   Number         0  noretval__2snprintf.o ABSOLUTE
    ../clib/printf.c                         0x00000000   Number         0  _sputc.o ABSOLUTE
    ../clib/printf.c                         0x00000000   Number         0  _printf_char_common.o ABSOLUTE
    ../clib/printf.c                         0x00000000   Number         0  _printf_intcommon.o ABSOLUTE
    ../clib/printf.c                         0x00000000   Number         0  __printf_ss.o ABSOLUTE
    ../clib/printf.c                         0x00000000   Number         0  __printf_wp.o ABSOLUTE
    ../clib/printf.c                         0x00000000   Number         0  __printf_flags.o ABSOLUTE
    ../clib/printf.c                         0x00000000   Number         0  __printf_flags_ss.o ABSOLUTE
    ../clib/printf.c                         0x00000000   Number         0  __printf_ss_wp.o ABSOLUTE
    ../clib/printf.c                         0x00000000   Number         0  __2snprintf.o ABSOLUTE
    ../clib/printf_percent.s                 0x00000000   Number         0  _printf_percent_end.o ABSOLUTE
    ../clib/printf_percent.s                 0x00000000   Number         0  _printf_percent.o ABSOLUTE
    ../clib/printf_percent.s                 0x00000000   Number         0  _printf_u.o ABSOLUTE
    ../clib/signal.c                         0x00000000   Number         0  defsig_rtred_inner.o ABSOLUTE
    ../clib/signal.c                         0x00000000   Number         0  defsig_stak_inner.o ABSOLUTE
    ../clib/signal.c                         0x00000000   Number         0  defsig_pvfn_inner.o ABSOLUTE
    ../clib/signal.c                         0x00000000   Number         0  defsig_cppl_inner.o ABSOLUTE
    ../clib/signal.c                         0x00000000   Number         0  defsig_segv_inner.o ABSOLUTE
    ../clib/signal.c                         0x00000000   Number         0  defsig_other.o ABSOLUTE
    ../clib/signal.c                         0x00000000   Number         0  __raise.o ABSOLUTE
    ../clib/signal.c                         0x00000000   Number         0  defsig_rtmem_outer.o ABSOLUTE
    ../clib/signal.c                         0x00000000   Number         0  defsig_rtmem_formal.o ABSOLUTE
    ../clib/signal.c                         0x00000000   Number         0  defsig_exit.o ABSOLUTE
    ../clib/signal.c                         0x00000000   Number         0  defsig_rtmem_inner.o ABSOLUTE
    ../clib/signal.c                         0x00000000   Number         0  defsig_general.o ABSOLUTE
    ../clib/signal.c                         0x00000000   Number         0  defsig_abrt_inner.o ABSOLUTE
    ../clib/signal.c                         0x00000000   Number         0  defsig_fpe_inner.o ABSOLUTE
    ../clib/signal.s                         0x00000000   Number         0  defsig.o ABSOLUTE
    ../clib/stdlib.c                         0x00000000   Number         0  exit.o ABSOLUTE
    ../fplib/fpinit.s                        0x00000000   Number         0  fpinit.o ABSOLUTE
    CMPS14.c                                 0x00000000   Number         0  cmps14.o ABSOLUTE
    CMPS14.c                                 0x00000000   Number         0  cmps14.o ABSOLUTE
    Display.c                                0x00000000   Number         0  display.o ABSOLUTE
    Display.c                                0x00000000   Number         0  display.o ABSOLUTE
    Event.c                                  0x00000000   Number         0  event.o ABSOLUTE
    LED.c                                    0x00000000   Number         0  led.o ABSOLUTE
    LED.c                                    0x00000000   Number         0  led.o ABSOLUTE
    Sonic.c                                  0x00000000   Number         0  sonic.o ABSOLUTE
    Sonic.c                                  0x00000000   Number         0  sonic.o ABSOLUTE
    System\\system_stm32g4xx.c               0x00000000   Number         0  system_stm32g4xx.o ABSOLUTE
    System\startup_stm32g474xx.s             0x00000000   Number         0  startup_stm32g474xx.o ABSOLUTE
    System\system_stm32g4xx.c                0x00000000   Number         0  system_stm32g4xx.o ABSOLUTE
    dc.s                                     0x00000000   Number         0  dc.o ABSOLUTE
    delay.s                                  0x00000000   Number         0  delay.o ABSOLUTE
    main.c                                   0x00000000   Number         0  main.o ABSOLUTE
    main.c                                   0x00000000   Number         0  main.o ABSOLUTE
    RESET                                    0x08000000   Section      472  startup_stm32g474xx.o(RESET)
    !!!main                                  0x080001d8   Section        8  __main.o(!!!main)
    !!!scatter                               0x080001e0   Section       52  __scatter.o(!!!scatter)
    !!handler_copy                           0x08000214   Section       26  __scatter_copy.o(!!handler_copy)
    !!handler_zi                             0x08000230   Section       28  __scatter_zi.o(!!handler_zi)
    .ARM.Collect$$_printf_percent$$00000000  0x0800024c   Section        0  _printf_percent.o(.ARM.Collect$$_printf_percent$$00000000)
    .ARM.Collect$$_printf_percent$$0000000A  0x0800024c   Section        6  _printf_u.o(.ARM.Collect$$_printf_percent$$0000000A)
    .ARM.Collect$$_printf_percent$$00000017  0x08000252   Section        4  _printf_percent_end.o(.ARM.Collect$$_printf_percent$$00000017)
    .ARM.Collect$$libinit$$00000000          0x08000256   Section        2  libinit.o(.ARM.Collect$$libinit$$00000000)
    .ARM.Collect$$libinit$$00000002          0x08000258   Section        0  libinit2.o(.ARM.Collect$$libinit$$00000002)
    .ARM.Collect$$libinit$$00000004          0x08000258   Section        0  libinit2.o(.ARM.Collect$$libinit$$00000004)
    .ARM.Collect$$libinit$$0000000A          0x08000258   Section        0  libinit2.o(.ARM.Collect$$libinit$$0000000A)
    .ARM.Collect$$libinit$$0000000C          0x08000258   Section        0  libinit2.o(.ARM.Collect$$libinit$$0000000C)
    .ARM.Collect$$libinit$$0000000E          0x08000258   Section        0  libinit2.o(.ARM.Collect$$libinit$$0000000E)
    .ARM.Collect$$libinit$$00000011          0x08000258   Section        0  libinit2.o(.ARM.Collect$$libinit$$00000011)
    .ARM.Collect$$libinit$$00000013          0x08000258   Section        0  libinit2.o(.ARM.Collect$$libinit$$00000013)
    .ARM.Collect$$libinit$$00000015          0x08000258   Section        0  libinit2.o(.ARM.Collect$$libinit$$00000015)
    .ARM.Collect$$libinit$$00000017          0x08000258   Section        0  libinit2.o(.ARM.Collect$$libinit$$00000017)
    .ARM.Collect$$libinit$$00000019          0x08000258   Section        0  libinit2.o(.ARM.Collect$$libinit$$00000019)
    .ARM.Collect$$libinit$$0000001B          0x08000258   Section        0  libinit2.o(.ARM.Collect$$libinit$$0000001B)
    .ARM.Collect$$libinit$$0000001D          0x08000258   Section        0  libinit2.o(.ARM.Collect$$libinit$$0000001D)
    .ARM.Collect$$libinit$$0000001F          0x08000258   Section        0  libinit2.o(.ARM.Collect$$libinit$$0000001F)
    .ARM.Collect$$libinit$$00000021          0x08000258   Section        0  libinit2.o(.ARM.Collect$$libinit$$00000021)
    .ARM.Collect$$libinit$$00000023          0x08000258   Section        0  libinit2.o(.ARM.Collect$$libinit$$00000023)
    .ARM.Collect$$libinit$$00000025          0x08000258   Section        0  libinit2.o(.ARM.Collect$$libinit$$00000025)
    .ARM.Collect$$libinit$$0000002C          0x08000258   Section        0  libinit2.o(.ARM.Collect$$libinit$$0000002C)
    .ARM.Collect$$libinit$$0000002E          0x08000258   Section        0  libinit2.o(.ARM.Collect$$libinit$$0000002E)
    .ARM.Collect$$libinit$$00000030          0x08000258   Section        0  libinit2.o(.ARM.Collect$$libinit$$00000030)
    .ARM.Collect$$libinit$$00000032          0x08000258   Section        0  libinit2.o(.ARM.Collect$$libinit$$00000032)
    .ARM.Collect$$libinit$$00000033          0x08000258   Section        2  libinit2.o(.ARM.Collect$$libinit$$00000033)
    .ARM.Collect$$libshutdown$$00000000      0x0800025a   Section        2  libshutdown.o(.ARM.Collect$$libshutdown$$00000000)
    .ARM.Collect$$libshutdown$$00000002      0x0800025c   Section        0  libshutdown2.o(.ARM.Collect$$libshutdown$$00000002)
    .ARM.Collect$$libshutdown$$00000004      0x0800025c   Section        0  libshutdown2.o(.ARM.Collect$$libshutdown$$00000004)
    .ARM.Collect$$libshutdown$$00000006      0x0800025c   Section        0  libshutdown2.o(.ARM.Collect$$libshutdown$$00000006)
    .ARM.Collect$$libshutdown$$00000009      0x0800025c   Section        0  libshutdown2.o(.ARM.Collect$$libshutdown$$00000009)
    .ARM.Collect$$libshutdown$$0000000C      0x0800025c   Section        0  libshutdown2.o(.ARM.Collect$$libshutdown$$0000000C)
    .ARM.Collect$$libshutdown$$0000000E      0x0800025c   Section        0  libshutdown2.o(.ARM.Collect$$libshutdown$$0000000E)
    .ARM.Collect$$libshutdown$$00000011      0x0800025c   Section        0  libshutdown2.o(.ARM.Collect$$libshutdown$$00000011)
    .ARM.Collect$$libshutdown$$00000012      0x0800025c   Section        2  libshutdown2.o(.ARM.Collect$$libshutdown$$00000012)
    .ARM.Collect$$rtentry$$00000000          0x0800025e   Section        0  __rtentry.o(.ARM.Collect$$rtentry$$00000000)
    .ARM.Collect$$rtentry$$00000002          0x0800025e   Section        0  __rtentry2.o(.ARM.Collect$$rtentry$$00000002)
    .ARM.Collect$$rtentry$$00000004          0x0800025e   Section        6  __rtentry4.o(.ARM.Collect$$rtentry$$00000004)
    .ARM.Collect$$rtentry$$00000009          0x08000264   Section        0  __rtentry2.o(.ARM.Collect$$rtentry$$00000009)
    .ARM.Collect$$rtentry$$0000000A          0x08000264   Section        4  __rtentry2.o(.ARM.Collect$$rtentry$$0000000A)
    .ARM.Collect$$rtentry$$0000000C          0x08000268   Section        0  __rtentry2.o(.ARM.Collect$$rtentry$$0000000C)
    .ARM.Collect$$rtentry$$0000000D          0x08000268   Section        8  __rtentry2.o(.ARM.Collect$$rtentry$$0000000D)
    .ARM.Collect$$rtexit$$00000000           0x08000270   Section        2  rtexit.o(.ARM.Collect$$rtexit$$00000000)
    .ARM.Collect$$rtexit$$00000002           0x08000272   Section        0  rtexit2.o(.ARM.Collect$$rtexit$$00000002)
    .ARM.Collect$$rtexit$$00000003           0x08000272   Section        4  rtexit2.o(.ARM.Collect$$rtexit$$00000003)
    .ARM.Collect$$rtexit$$00000004           0x08000276   Section        6  rtexit2.o(.ARM.Collect$$rtexit$$00000004)
    .text                                    0x0800027c   Section       64  startup_stm32g474xx.o(.text)
    .text                                    0x080002bc   Section        0  noretval__2snprintf.o(.text)
    .text                                    0x080002f0   Section        0  __printf.o(.text)
    .text                                    0x08000358   Section        0  _printf_dec.o(.text)
    .text                                    0x080003d0   Section        0  heapauxi.o(.text)
    .text                                    0x080003d6   Section        0  _printf_intcommon.o(.text)
    .text                                    0x08000488   Section        0  _printf_char_common.o(.text)
    _printf_input_char                       0x08000489   Thumb Code    10  _printf_char_common.o(.text)
    .text                                    0x080004b8   Section        0  _sputc.o(.text)
    .text                                    0x080004c2   Section        0  _snputc.o(.text)
    .text                                    0x080004d2   Section       74  sys_stackheap_outer.o(.text)
    .text                                    0x0800051c   Section        0  exit.o(.text)
    .text                                    0x08000530   Section        8  libspace.o(.text)
    .text                                    0x08000538   Section        0  sys_exit.o(.text)
    .text                                    0x08000544   Section        2  use_no_semi.o(.text)
    .text                                    0x08000546   Section        0  indicate_semi.o(.text)
    DELAY                                    0x08000548   Section       26  delay.o(DELAY)
    i.CMPS14_GetHeading                      0x08000564   Section        0  cmps14.o(i.CMPS14_GetHeading)
    i.CMPS14_Init                            0x080005b0   Section        0  cmps14.o(i.CMPS14_Init)
    i.CmpsHandler                            0x08000644   Section        0  cmps14.o(i.CmpsHandler)
    i.DisplayHandler                         0x0800065a   Section        0  display.o(i.DisplayHandler)
    i.DisplayInit                            0x08000680   Section        0  display.o(i.DisplayInit)
    i.DisplaySonicDistance                   0x08000910   Section        0  display.o(i.DisplaySonicDistance)
    i.GetEvent                               0x08000994   Section        0  event.o(i.GetEvent)
    i.InitEventHandler                       0x08000a0c   Section        0  event.o(i.InitEventHandler)
    i.LCD_Clear                              0x08000a20   Section        0  display.o(i.LCD_Clear)
    i.LCD_ClearText                          0x08000a54   Section        0  display.o(i.LCD_ClearText)
    i.LCD_DrawHLine                          0x08000a78   Section        0  display.o(i.LCD_DrawHLine)
    i.LCD_DrawRect                           0x08000a9a   Section        0  display.o(i.LCD_DrawRect)
    i.LCD_DrawVLine                          0x08000ad2   Section        0  display.o(i.LCD_DrawVLine)
    i.LCD_PutChar                            0x08000af4   Section        0  display.o(i.LCD_PutChar)
    i.LCD_PutString                          0x08000b0a   Section        0  display.o(i.LCD_PutString)
    i.LCD_SetCursor                          0x08000b20   Section        0  display.o(i.LCD_SetCursor)
    i.LCD_SetGraphicAddress                  0x08000b42   Section        0  display.o(i.LCD_SetGraphicAddress)
    i.LCD_SetPixel                           0x08000b6e   Section        0  display.o(i.LCD_SetPixel)
    i.LCD_Write_CMD                          0x08000b9a   Section        0  display.o(i.LCD_Write_CMD)
    i.LCD_Write_DATA                         0x08000baa   Section        0  display.o(i.LCD_Write_DATA)
    i.LCD_Write_WORD                         0x08000bba   Section        0  display.o(i.LCD_Write_WORD)
    i.SetEvent                               0x08000bcc   Section        0  event.o(i.SetEvent)
    i.Set_Graphic_Init                       0x08000c3c   Section        0  display.o(i.Set_Graphic_Init)
    i.Set_Text_Init                          0x08000c5a   Section        0  display.o(i.Set_Text_Init)
    i.SonicGetDistanceLeft                   0x08000c78   Section        0  sonic.o(i.SonicGetDistanceLeft)
    i.SonicGetDistanceMiddle                 0x08000c84   Section        0  sonic.o(i.SonicGetDistanceMiddle)
    i.SonicGetDistanceRight                  0x08000c90   Section        0  sonic.o(i.SonicGetDistanceRight)
    i.SonicHandler                           0x08000c9c   Section        0  sonic.o(i.SonicHandler)
    i.SonicInit                              0x08000d14   Section        0  sonic.o(i.SonicInit)
    i.SonicReadSensor                        0x08000d44   Section        0  sonic.o(i.SonicReadSensor)
    SonicReadSensor                          0x08000d45   Thumb Code   160  sonic.o(i.SonicReadSensor)
    i.SonicSetInput                          0x08000dec   Section        0  sonic.o(i.SonicSetInput)
    SonicSetInput                            0x08000ded   Thumb Code    18  sonic.o(i.SonicSetInput)
    i.SonicSetOutput                         0x08000e04   Section        0  sonic.o(i.SonicSetOutput)
    SonicSetOutput                           0x08000e05   Thumb Code    34  sonic.o(i.SonicSetOutput)
    i.SysTick_Handler                        0x08000e2c   Section        0  main.o(i.SysTick_Handler)
    i.SystemInit                             0x08000e90   Section        0  system_stm32g4xx.o(i.SystemInit)
    i.Wait_Ready                             0x08000efc   Section        0  display.o(i.Wait_Ready)
    Wait_Ready                               0x08000efd   Thumb Code    18  display.o(i.Wait_Ready)
    i.bufferedPutString                      0x08000f10   Section        0  display.o(i.bufferedPutString)
    i.main                                   0x08000f3c   Section        0  main.o(i.main)
    i.readStatus                             0x08000fd0   Section        0  display.o(i.readStatus)
    readStatus                               0x08000fd1   Thumb Code     8  display.o(i.readStatus)
    .data                                    0x20000000   Section        4  main.o(.data)
    .data                                    0x20000004   Section       10  sonic.o(.data)
    sonic_pins                               0x20000004   Data           3  sonic.o(.data)
    current_sensor                           0x20000007   Data           1  sonic.o(.data)
    lastDistanceLeft                         0x20000008   Data           2  sonic.o(.data)
    lastDistanceMiddle                       0x2000000a   Data           2  sonic.o(.data)
    lastDistanceRight                        0x2000000c   Data           2  sonic.o(.data)
    .data                                    0x20000010   Section        4  system_stm32g4xx.o(.data)
    .bss                                     0x20000014   Section      804  event.o(.bss)
    .bss                                     0x20000338   Section       96  libspace.o(.bss)
    HEAP                                     0x20000398   Section      512  startup_stm32g474xx.o(HEAP)
    Heap_Mem                                 0x20000398   Data         512  startup_stm32g474xx.o(HEAP)
    STACK                                    0x20000598   Section     1024  startup_stm32g474xx.o(STACK)
    Stack_Mem                                0x20000598   Data        1024  startup_stm32g474xx.o(STACK)
    __initial_sp                             0x20000998   Data           0  startup_stm32g474xx.o(STACK)

    Global Symbols

    Symbol Name                              Value     Ov Type        Size  Object(Section)

    BuildAttributes$$THM_ISAv4$E$P$D$K$B$S$7EM$PE$A:L22UL41UL21$X:L11$S22US41US21$IEEE1$IW$USESV6$~STKCKD$USESV7$~SHL$OSPACE$ROPI$EBA8$UX$STANDARDLIB$REQ8$EABIv2 0x00000000   Number         0  anon$$obj.o ABSOLUTE
    __ARM_use_no_argv                        0x00000000   Number         0  main.o ABSOLUTE
    __ARM_exceptions_init                     - Undefined Weak Reference
    __alloca_initialize                       - Undefined Weak Reference
    __arm_fini_                               - Undefined Weak Reference
    __arm_preinit_                            - Undefined Weak Reference
    __cpp_initialize__aeabi_                  - Undefined Weak Reference
    __cxa_finalize                            - Undefined Weak Reference
    __rt_locale                               - Undefined Weak Reference
    __sigvec_lookup                           - Undefined Weak Reference
    _atexit_init                              - Undefined Weak Reference
    _call_atexit_fns                          - Undefined Weak Reference
    _clock_init                               - Undefined Weak Reference
    _fp_trap_init                             - Undefined Weak Reference
    _fp_trap_shutdown                         - Undefined Weak Reference
    _get_lc_collate                           - Undefined Weak Reference
    _get_lc_ctype                             - Undefined Weak Reference
    _get_lc_monetary                          - Undefined Weak Reference
    _get_lc_numeric                           - Undefined Weak Reference
    _get_lc_time                              - Undefined Weak Reference
    _getenv_init                              - Undefined Weak Reference
    _handle_redirection                       - Undefined Weak Reference
    _init_alloc                               - Undefined Weak Reference
    _init_user_alloc                          - Undefined Weak Reference
    _initio                                   - Undefined Weak Reference
    _printf_post_padding                      - Undefined Weak Reference
    _printf_pre_padding                       - Undefined Weak Reference
    _printf_truncate_signed                   - Undefined Weak Reference
    _printf_truncate_unsigned                 - Undefined Weak Reference
    _rand_init                                - Undefined Weak Reference
    _signal_finish                            - Undefined Weak Reference
    _signal_init                              - Undefined Weak Reference
    _terminate_alloc                          - Undefined Weak Reference
    _terminate_user_alloc                     - Undefined Weak Reference
    _terminateio                              - Undefined Weak Reference
    __Vectors_Size                           0x000001d8   Number         0  startup_stm32g474xx.o ABSOLUTE
    __Vectors                                0x08000000   Data           4  startup_stm32g474xx.o(RESET)
    __Vectors_End                            0x080001d8   Data           0  startup_stm32g474xx.o(RESET)
    __main                                   0x080001d9   Thumb Code     8  __main.o(!!!main)
    __scatterload                            0x080001e1   Thumb Code     0  __scatter.o(!!!scatter)
    __scatterload_rt2                        0x080001e1   Thumb Code    44  __scatter.o(!!!scatter)
    __scatterload_rt2_thumb_only             0x080001e1   Thumb Code     0  __scatter.o(!!!scatter)
    __scatterload_null                       0x080001ef   Thumb Code     0  __scatter.o(!!!scatter)
    __scatterload_copy                       0x08000215   Thumb Code    26  __scatter_copy.o(!!handler_copy)
    __scatterload_zeroinit                   0x08000231   Thumb Code    28  __scatter_zi.o(!!handler_zi)
    _printf_percent                          0x0800024d   Thumb Code     0  _printf_percent.o(.ARM.Collect$$_printf_percent$$00000000)
    _printf_u                                0x0800024d   Thumb Code     0  _printf_u.o(.ARM.Collect$$_printf_percent$$0000000A)
    _printf_percent_end                      0x08000253   Thumb Code     0  _printf_percent_end.o(.ARM.Collect$$_printf_percent$$00000017)
    __rt_lib_init                            0x08000257   Thumb Code     0  libinit.o(.ARM.Collect$$libinit$$00000000)
    __rt_lib_init_alloca_1                   0x08000259   Thumb Code     0  libinit2.o(.ARM.Collect$$libinit$$0000002E)
    __rt_lib_init_argv_1                     0x08000259   Thumb Code     0  libinit2.o(.ARM.Collect$$libinit$$0000002C)
    __rt_lib_init_atexit_1                   0x08000259   Thumb Code     0  libinit2.o(.ARM.Collect$$libinit$$0000001B)
    __rt_lib_init_clock_1                    0x08000259   Thumb Code     0  libinit2.o(.ARM.Collect$$libinit$$00000021)
    __rt_lib_init_cpp_1                      0x08000259   Thumb Code     0  libinit2.o(.ARM.Collect$$libinit$$00000032)
    __rt_lib_init_exceptions_1               0x08000259   Thumb Code     0  libinit2.o(.ARM.Collect$$libinit$$00000030)
    __rt_lib_init_fp_1                       0x08000259   Thumb Code     0  libinit2.o(.ARM.Collect$$libinit$$00000002)
    __rt_lib_init_fp_trap_1                  0x08000259   Thumb Code     0  libinit2.o(.ARM.Collect$$libinit$$0000001F)
    __rt_lib_init_getenv_1                   0x08000259   Thumb Code     0  libinit2.o(.ARM.Collect$$libinit$$00000023)
    __rt_lib_init_heap_1                     0x08000259   Thumb Code     0  libinit2.o(.ARM.Collect$$libinit$$0000000A)
    __rt_lib_init_lc_collate_1               0x08000259   Thumb Code     0  libinit2.o(.ARM.Collect$$libinit$$00000011)
    __rt_lib_init_lc_ctype_1                 0x08000259   Thumb Code     0  libinit2.o(.ARM.Collect$$libinit$$00000013)
    __rt_lib_init_lc_monetary_1              0x08000259   Thumb Code     0  libinit2.o(.ARM.Collect$$libinit$$00000015)
    __rt_lib_init_lc_numeric_1               0x08000259   Thumb Code     0  libinit2.o(.ARM.Collect$$libinit$$00000017)
    __rt_lib_init_lc_time_1                  0x08000259   Thumb Code     0  libinit2.o(.ARM.Collect$$libinit$$00000019)
    __rt_lib_init_preinit_1                  0x08000259   Thumb Code     0  libinit2.o(.ARM.Collect$$libinit$$00000004)
    __rt_lib_init_rand_1                     0x08000259   Thumb Code     0  libinit2.o(.ARM.Collect$$libinit$$0000000E)
    __rt_lib_init_return                     0x08000259   Thumb Code     0  libinit2.o(.ARM.Collect$$libinit$$00000033)
    __rt_lib_init_signal_1                   0x08000259   Thumb Code     0  libinit2.o(.ARM.Collect$$libinit$$0000001D)
    __rt_lib_init_stdio_1                    0x08000259   Thumb Code     0  libinit2.o(.ARM.Collect$$libinit$$00000025)
    __rt_lib_init_user_alloc_1               0x08000259   Thumb Code     0  libinit2.o(.ARM.Collect$$libinit$$0000000C)
    __rt_lib_shutdown                        0x0800025b   Thumb Code     0  libshutdown.o(.ARM.Collect$$libshutdown$$00000000)
    __rt_lib_shutdown_cpp_1                  0x0800025d   Thumb Code     0  libshutdown2.o(.ARM.Collect$$libshutdown$$00000004)
    __rt_lib_shutdown_fini_1                 0x0800025d   Thumb Code     0  libshutdown2.o(.ARM.Collect$$libshutdown$$00000002)
    __rt_lib_shutdown_fp_trap_1              0x0800025d   Thumb Code     0  libshutdown2.o(.ARM.Collect$$libshutdown$$00000009)
    __rt_lib_shutdown_heap_1                 0x0800025d   Thumb Code     0  libshutdown2.o(.ARM.Collect$$libshutdown$$00000011)
    __rt_lib_shutdown_return                 0x0800025d   Thumb Code     0  libshutdown2.o(.ARM.Collect$$libshutdown$$00000012)
    __rt_lib_shutdown_signal_1               0x0800025d   Thumb Code     0  libshutdown2.o(.ARM.Collect$$libshutdown$$0000000C)
    __rt_lib_shutdown_stdio_1                0x0800025d   Thumb Code     0  libshutdown2.o(.ARM.Collect$$libshutdown$$00000006)
    __rt_lib_shutdown_user_alloc_1           0x0800025d   Thumb Code     0  libshutdown2.o(.ARM.Collect$$libshutdown$$0000000E)
    __rt_entry                               0x0800025f   Thumb Code     0  __rtentry.o(.ARM.Collect$$rtentry$$00000000)
    __rt_entry_presh_1                       0x0800025f   Thumb Code     0  __rtentry2.o(.ARM.Collect$$rtentry$$00000002)
    __rt_entry_sh                            0x0800025f   Thumb Code     0  __rtentry4.o(.ARM.Collect$$rtentry$$00000004)
    __rt_entry_li                            0x08000265   Thumb Code     0  __rtentry2.o(.ARM.Collect$$rtentry$$0000000A)
    __rt_entry_postsh_1                      0x08000265   Thumb Code     0  __rtentry2.o(.ARM.Collect$$rtentry$$00000009)
    __rt_entry_main                          0x08000269   Thumb Code     0  __rtentry2.o(.ARM.Collect$$rtentry$$0000000D)
    __rt_entry_postli_1                      0x08000269   Thumb Code     0  __rtentry2.o(.ARM.Collect$$rtentry$$0000000C)
    __rt_exit                                0x08000271   Thumb Code     0  rtexit.o(.ARM.Collect$$rtexit$$00000000)
    __rt_exit_ls                             0x08000273   Thumb Code     0  rtexit2.o(.ARM.Collect$$rtexit$$00000003)
    __rt_exit_prels_1                        0x08000273   Thumb Code     0  rtexit2.o(.ARM.Collect$$rtexit$$00000002)
    __rt_exit_exit                           0x08000277   Thumb Code     0  rtexit2.o(.ARM.Collect$$rtexit$$00000004)
    Reset_Handler                            0x0800027d   Thumb Code     8  startup_stm32g474xx.o(.text)
    NMI_Handler                              0x08000285   Thumb Code     2  startup_stm32g474xx.o(.text)
    HardFault_Handler                        0x08000287   Thumb Code     2  startup_stm32g474xx.o(.text)
    MemManage_Handler                        0x08000289   Thumb Code     2  startup_stm32g474xx.o(.text)
    BusFault_Handler                         0x0800028b   Thumb Code     2  startup_stm32g474xx.o(.text)
    UsageFault_Handler                       0x0800028d   Thumb Code     2  startup_stm32g474xx.o(.text)
    SVC_Handler                              0x0800028f   Thumb Code     2  startup_stm32g474xx.o(.text)
    DebugMon_Handler                         0x08000291   Thumb Code     2  startup_stm32g474xx.o(.text)
    PendSV_Handler                           0x08000293   Thumb Code     2  startup_stm32g474xx.o(.text)
    ADC1_2_IRQHandler                        0x08000297   Thumb Code     0  startup_stm32g474xx.o(.text)
    ADC3_IRQHandler                          0x08000297   Thumb Code     0  startup_stm32g474xx.o(.text)
    ADC4_IRQHandler                          0x08000297   Thumb Code     0  startup_stm32g474xx.o(.text)
    ADC5_IRQHandler                          0x08000297   Thumb Code     0  startup_stm32g474xx.o(.text)
    COMP1_2_3_IRQHandler                     0x08000297   Thumb Code     0  startup_stm32g474xx.o(.text)
    COMP4_5_6_IRQHandler                     0x08000297   Thumb Code     0  startup_stm32g474xx.o(.text)
    COMP7_IRQHandler                         0x08000297   Thumb Code     0  startup_stm32g474xx.o(.text)
    CORDIC_IRQHandler                        0x08000297   Thumb Code     0  startup_stm32g474xx.o(.text)
    CRS_IRQHandler                           0x08000297   Thumb Code     0  startup_stm32g474xx.o(.text)
    DMA1_Channel1_IRQHandler                 0x08000297   Thumb Code     0  startup_stm32g474xx.o(.text)
    DMA1_Channel2_IRQHandler                 0x08000297   Thumb Code     0  startup_stm32g474xx.o(.text)
    DMA1_Channel3_IRQHandler                 0x08000297   Thumb Code     0  startup_stm32g474xx.o(.text)
    DMA1_Channel4_IRQHandler                 0x08000297   Thumb Code     0  startup_stm32g474xx.o(.text)
    DMA1_Channel5_IRQHandler                 0x08000297   Thumb Code     0  startup_stm32g474xx.o(.text)
    DMA1_Channel6_IRQHandler                 0x08000297   Thumb Code     0  startup_stm32g474xx.o(.text)
    DMA1_Channel7_IRQHandler                 0x08000297   Thumb Code     0  startup_stm32g474xx.o(.text)
    DMA1_Channel8_IRQHandler                 0x08000297   Thumb Code     0  startup_stm32g474xx.o(.text)
    DMA2_Channel1_IRQHandler                 0x08000297   Thumb Code     0  startup_stm32g474xx.o(.text)
    DMA2_Channel2_IRQHandler                 0x08000297   Thumb Code     0  startup_stm32g474xx.o(.text)
    DMA2_Channel3_IRQHandler                 0x08000297   Thumb Code     0  startup_stm32g474xx.o(.text)
    DMA2_Channel4_IRQHandler                 0x08000297   Thumb Code     0  startup_stm32g474xx.o(.text)
    DMA2_Channel5_IRQHandler                 0x08000297   Thumb Code     0  startup_stm32g474xx.o(.text)
    DMA2_Channel6_IRQHandler                 0x08000297   Thumb Code     0  startup_stm32g474xx.o(.text)
    DMA2_Channel7_IRQHandler                 0x08000297   Thumb Code     0  startup_stm32g474xx.o(.text)
    DMA2_Channel8_IRQHandler                 0x08000297   Thumb Code     0  startup_stm32g474xx.o(.text)
    DMAMUX_OVR_IRQHandler                    0x08000297   Thumb Code     0  startup_stm32g474xx.o(.text)
    EXTI0_IRQHandler                         0x08000297   Thumb Code     0  startup_stm32g474xx.o(.text)
    EXTI15_10_IRQHandler                     0x08000297   Thumb Code     0  startup_stm32g474xx.o(.text)
    EXTI1_IRQHandler                         0x08000297   Thumb Code     0  startup_stm32g474xx.o(.text)
    EXTI2_IRQHandler                         0x08000297   Thumb Code     0  startup_stm32g474xx.o(.text)
    EXTI3_IRQHandler                         0x08000297   Thumb Code     0  startup_stm32g474xx.o(.text)
    EXTI4_IRQHandler                         0x08000297   Thumb Code     0  startup_stm32g474xx.o(.text)
    EXTI9_5_IRQHandler                       0x08000297   Thumb Code     0  startup_stm32g474xx.o(.text)
    FDCAN1_IT0_IRQHandler                    0x08000297   Thumb Code     0  startup_stm32g474xx.o(.text)
    FDCAN1_IT1_IRQHandler                    0x08000297   Thumb Code     0  startup_stm32g474xx.o(.text)
    FDCAN2_IT0_IRQHandler                    0x08000297   Thumb Code     0  startup_stm32g474xx.o(.text)
    FDCAN2_IT1_IRQHandler                    0x08000297   Thumb Code     0  startup_stm32g474xx.o(.text)
    FDCAN3_IT0_IRQHandler                    0x08000297   Thumb Code     0  startup_stm32g474xx.o(.text)
    FDCAN3_IT1_IRQHandler                    0x08000297   Thumb Code     0  startup_stm32g474xx.o(.text)
    FLASH_IRQHandler                         0x08000297   Thumb Code     0  startup_stm32g474xx.o(.text)
    FMAC_IRQHandler                          0x08000297   Thumb Code     0  startup_stm32g474xx.o(.text)
    FMC_IRQHandler                           0x08000297   Thumb Code     0  startup_stm32g474xx.o(.text)
    FPU_IRQHandler                           0x08000297   Thumb Code     0  startup_stm32g474xx.o(.text)
    HRTIM1_FLT_IRQHandler                    0x08000297   Thumb Code     0  startup_stm32g474xx.o(.text)
    HRTIM1_Master_IRQHandler                 0x08000297   Thumb Code     0  startup_stm32g474xx.o(.text)
    HRTIM1_TIMA_IRQHandler                   0x08000297   Thumb Code     0  startup_stm32g474xx.o(.text)
    HRTIM1_TIMB_IRQHandler                   0x08000297   Thumb Code     0  startup_stm32g474xx.o(.text)
    HRTIM1_TIMC_IRQHandler                   0x08000297   Thumb Code     0  startup_stm32g474xx.o(.text)
    HRTIM1_TIMD_IRQHandler                   0x08000297   Thumb Code     0  startup_stm32g474xx.o(.text)
    HRTIM1_TIME_IRQHandler                   0x08000297   Thumb Code     0  startup_stm32g474xx.o(.text)
    HRTIM1_TIMF_IRQHandler                   0x08000297   Thumb Code     0  startup_stm32g474xx.o(.text)
    I2C1_ER_IRQHandler                       0x08000297   Thumb Code     0  startup_stm32g474xx.o(.text)
    I2C1_EV_IRQHandler                       0x08000297   Thumb Code     0  startup_stm32g474xx.o(.text)
    I2C2_ER_IRQHandler                       0x08000297   Thumb Code     0  startup_stm32g474xx.o(.text)
    I2C2_EV_IRQHandler                       0x08000297   Thumb Code     0  startup_stm32g474xx.o(.text)
    I2C3_ER_IRQHandler                       0x08000297   Thumb Code     0  startup_stm32g474xx.o(.text)
    I2C3_EV_IRQHandler                       0x08000297   Thumb Code     0  startup_stm32g474xx.o(.text)
    I2C4_ER_IRQHandler                       0x08000297   Thumb Code     0  startup_stm32g474xx.o(.text)
    I2C4_EV_IRQHandler                       0x08000297   Thumb Code     0  startup_stm32g474xx.o(.text)
    LPTIM1_IRQHandler                        0x08000297   Thumb Code     0  startup_stm32g474xx.o(.text)
    LPUART1_IRQHandler                       0x08000297   Thumb Code     0  startup_stm32g474xx.o(.text)
    PVD_PVM_IRQHandler                       0x08000297   Thumb Code     0  startup_stm32g474xx.o(.text)
    QUADSPI_IRQHandler                       0x08000297   Thumb Code     0  startup_stm32g474xx.o(.text)
    RCC_IRQHandler                           0x08000297   Thumb Code     0  startup_stm32g474xx.o(.text)
    RNG_IRQHandler                           0x08000297   Thumb Code     0  startup_stm32g474xx.o(.text)
    RTC_Alarm_IRQHandler                     0x08000297   Thumb Code     0  startup_stm32g474xx.o(.text)
    RTC_TAMP_LSECSS_IRQHandler               0x08000297   Thumb Code     0  startup_stm32g474xx.o(.text)
    RTC_WKUP_IRQHandler                      0x08000297   Thumb Code     0  startup_stm32g474xx.o(.text)
    SAI1_IRQHandler                          0x08000297   Thumb Code     0  startup_stm32g474xx.o(.text)
    SPI1_IRQHandler                          0x08000297   Thumb Code     0  startup_stm32g474xx.o(.text)
    SPI2_IRQHandler                          0x08000297   Thumb Code     0  startup_stm32g474xx.o(.text)
    SPI3_IRQHandler                          0x08000297   Thumb Code     0  startup_stm32g474xx.o(.text)
    SPI4_IRQHandler                          0x08000297   Thumb Code     0  startup_stm32g474xx.o(.text)
    TIM1_BRK_TIM15_IRQHandler                0x08000297   Thumb Code     0  startup_stm32g474xx.o(.text)
    TIM1_CC_IRQHandler                       0x08000297   Thumb Code     0  startup_stm32g474xx.o(.text)
    TIM1_TRG_COM_TIM17_IRQHandler            0x08000297   Thumb Code     0  startup_stm32g474xx.o(.text)
    TIM1_UP_TIM16_IRQHandler                 0x08000297   Thumb Code     0  startup_stm32g474xx.o(.text)
    TIM20_BRK_IRQHandler                     0x08000297   Thumb Code     0  startup_stm32g474xx.o(.text)
    TIM20_CC_IRQHandler                      0x08000297   Thumb Code     0  startup_stm32g474xx.o(.text)
    TIM20_TRG_COM_IRQHandler                 0x08000297   Thumb Code     0  startup_stm32g474xx.o(.text)
    TIM20_UP_IRQHandler                      0x08000297   Thumb Code     0  startup_stm32g474xx.o(.text)
    TIM2_IRQHandler                          0x08000297   Thumb Code     0  startup_stm32g474xx.o(.text)
    TIM3_IRQHandler                          0x08000297   Thumb Code     0  startup_stm32g474xx.o(.text)
    TIM4_IRQHandler                          0x08000297   Thumb Code     0  startup_stm32g474xx.o(.text)
    TIM5_IRQHandler                          0x08000297   Thumb Code     0  startup_stm32g474xx.o(.text)
    TIM6_DAC_IRQHandler                      0x08000297   Thumb Code     0  startup_stm32g474xx.o(.text)
    TIM7_DAC_IRQHandler                      0x08000297   Thumb Code     0  startup_stm32g474xx.o(.text)
    TIM8_BRK_IRQHandler                      0x08000297   Thumb Code     0  startup_stm32g474xx.o(.text)
    TIM8_CC_IRQHandler                       0x08000297   Thumb Code     0  startup_stm32g474xx.o(.text)
    TIM8_TRG_COM_IRQHandler                  0x08000297   Thumb Code     0  startup_stm32g474xx.o(.text)
    TIM8_UP_IRQHandler                       0x08000297   Thumb Code     0  startup_stm32g474xx.o(.text)
    UART4_IRQHandler                         0x08000297   Thumb Code     0  startup_stm32g474xx.o(.text)
    UART5_IRQHandler                         0x08000297   Thumb Code     0  startup_stm32g474xx.o(.text)
    UCPD1_IRQHandler                         0x08000297   Thumb Code     0  startup_stm32g474xx.o(.text)
    USART1_IRQHandler                        0x08000297   Thumb Code     0  startup_stm32g474xx.o(.text)
    USART2_IRQHandler                        0x08000297   Thumb Code     0  startup_stm32g474xx.o(.text)
    USART3_IRQHandler                        0x08000297   Thumb Code     0  startup_stm32g474xx.o(.text)
    USBWakeUp_IRQHandler                     0x08000297   Thumb Code     0  startup_stm32g474xx.o(.text)
    USB_HP_IRQHandler                        0x08000297   Thumb Code     0  startup_stm32g474xx.o(.text)
    USB_LP_IRQHandler                        0x08000297   Thumb Code     0  startup_stm32g474xx.o(.text)
    WWDG_IRQHandler                          0x08000297   Thumb Code     0  startup_stm32g474xx.o(.text)
    __user_initial_stackheap                 0x08000299   Thumb Code     0  startup_stm32g474xx.o(.text)
    __2snprintf                              0x080002bd   Thumb Code    48  noretval__2snprintf.o(.text)
    __printf                                 0x080002f1   Thumb Code   104  __printf.o(.text)
    _printf_int_dec                          0x08000359   Thumb Code   104  _printf_dec.o(.text)
    __use_two_region_memory                  0x080003d1   Thumb Code     2  heapauxi.o(.text)
    __rt_heap_escrow$2region                 0x080003d3   Thumb Code     2  heapauxi.o(.text)
    __rt_heap_expand$2region                 0x080003d5   Thumb Code     2  heapauxi.o(.text)
    _printf_int_common                       0x080003d7   Thumb Code   178  _printf_intcommon.o(.text)
    _printf_char_common                      0x08000493   Thumb Code    32  _printf_char_common.o(.text)
    _sputc                                   0x080004b9   Thumb Code    10  _sputc.o(.text)
    _snputc                                  0x080004c3   Thumb Code    16  _snputc.o(.text)
    __user_setup_stackheap                   0x080004d3   Thumb Code    74  sys_stackheap_outer.o(.text)
    exit                                     0x0800051d   Thumb Code    18  exit.o(.text)
    __user_libspace                          0x08000531   Thumb Code     8  libspace.o(.text)
    __user_perproc_libspace                  0x08000531   Thumb Code     0  libspace.o(.text)
    __user_perthread_libspace                0x08000531   Thumb Code     0  libspace.o(.text)
    _sys_exit                                0x08000539   Thumb Code     8  sys_exit.o(.text)
    __I$use$semihosting                      0x08000545   Thumb Code     0  use_no_semi.o(.text)
    __use_no_semihosting_swi                 0x08000545   Thumb Code     2  use_no_semi.o(.text)
    __semihosting_library_function           0x08000547   Thumb Code     0  indicate_semi.o(.text)
    delayms                                  0x08000549   Thumb Code    26  delay.o(DELAY)
    CMPS14_GetHeading                        0x08000565   Thumb Code    72  cmps14.o(i.CMPS14_GetHeading)
    CMPS14_Init                              0x080005b1   Thumb Code   136  cmps14.o(i.CMPS14_Init)
    CmpsHandler                              0x08000645   Thumb Code    22  cmps14.o(i.CmpsHandler)
    DisplayHandler                           0x0800065b   Thumb Code    38  display.o(i.DisplayHandler)
    DisplayInit                              0x08000681   Thumb Code   632  display.o(i.DisplayInit)
    DisplaySonicDistance                     0x08000911   Thumb Code   106  display.o(i.DisplaySonicDistance)
    GetEvent                                 0x08000995   Thumb Code   114  event.o(i.GetEvent)
    InitEventHandler                         0x08000a0d   Thumb Code    14  event.o(i.InitEventHandler)
    LCD_Clear                                0x08000a21   Thumb Code    52  display.o(i.LCD_Clear)
    LCD_ClearText                            0x08000a55   Thumb Code    36  display.o(i.LCD_ClearText)
    LCD_DrawHLine                            0x08000a79   Thumb Code    34  display.o(i.LCD_DrawHLine)
    LCD_DrawRect                             0x08000a9b   Thumb Code    56  display.o(i.LCD_DrawRect)
    LCD_DrawVLine                            0x08000ad3   Thumb Code    34  display.o(i.LCD_DrawVLine)
    LCD_PutChar                              0x08000af5   Thumb Code    22  display.o(i.LCD_PutChar)
    LCD_PutString                            0x08000b0b   Thumb Code    22  display.o(i.LCD_PutString)
    LCD_SetCursor                            0x08000b21   Thumb Code    34  display.o(i.LCD_SetCursor)
    LCD_SetGraphicAddress                    0x08000b43   Thumb Code    44  display.o(i.LCD_SetGraphicAddress)
    LCD_SetPixel                             0x08000b6f   Thumb Code    44  display.o(i.LCD_SetPixel)
    LCD_Write_CMD                            0x08000b9b   Thumb Code    16  display.o(i.LCD_Write_CMD)
    LCD_Write_DATA                           0x08000bab   Thumb Code    16  display.o(i.LCD_Write_DATA)
    LCD_Write_WORD                           0x08000bbb   Thumb Code    18  display.o(i.LCD_Write_WORD)
    SetEvent                                 0x08000bcd   Thumb Code   106  event.o(i.SetEvent)
    Set_Graphic_Init                         0x08000c3d   Thumb Code    30  display.o(i.Set_Graphic_Init)
    Set_Text_Init                            0x08000c5b   Thumb Code    28  display.o(i.Set_Text_Init)
    SonicGetDistanceLeft                     0x08000c79   Thumb Code     6  sonic.o(i.SonicGetDistanceLeft)
    SonicGetDistanceMiddle                   0x08000c85   Thumb Code     6  sonic.o(i.SonicGetDistanceMiddle)
    SonicGetDistanceRight                    0x08000c91   Thumb Code     6  sonic.o(i.SonicGetDistanceRight)
    SonicHandler                             0x08000c9d   Thumb Code   104  sonic.o(i.SonicHandler)
    SonicInit                                0x08000d15   Thumb Code    34  sonic.o(i.SonicInit)
    SysTick_Handler                          0x08000e2d   Thumb Code    96  main.o(i.SysTick_Handler)
    SystemInit                               0x08000e91   Thumb Code   100  system_stm32g4xx.o(i.SystemInit)
    bufferedPutString                        0x08000f11   Thumb Code    36  display.o(i.bufferedPutString)
    main                                     0x08000f3d   Thumb Code   136  main.o(i.main)
    Region$$Table$$Base                      0x08000fd8   Number         0  anon$$obj.o(Region$$Table)
    Region$$Table$$Limit                     0x08000ff8   Number         0  anon$$obj.o(Region$$Table)
    systickms                                0x20000000   Data           4  main.o(.data)
    SystemCoreClock                          0x20000010   Data           4  system_stm32g4xx.o(.data)
    EventQueue                               0x20000014   Data         804  event.o(.bss)
    __libspace_start                         0x20000338   Data          96  libspace.o(.bss)
    __temporary_stack_top$libspace           0x20000398   Data           0  libspace.o(.bss)



==============================================================================

Memory Map of the image

  Image Entry point : 0x080001d9

  Load Region LR_IROM1 (Base: 0x08000000, Size: 0x0000100c, Max: 0x00080000, ABSOLUTE)

    Execution Region ER_IROM1 (Exec base: 0x08000000, Load base: 0x08000000, Size: 0x00000ff8, Max: 0x00080000, ABSOLUTE)

    Exec Addr    Load Addr    Size         Type   Attr      Idx    E Section Name        Object

    0x08000000   0x08000000   0x000001d8   Data   RO          470    RESET               startup_stm32g474xx.o
    0x080001d8   0x080001d8   0x00000008   Code   RO          509  * !!!main             c_w.l(__main.o)
    0x080001e0   0x080001e0   0x00000034   Code   RO          679    !!!scatter          c_w.l(__scatter.o)
    0x08000214   0x08000214   0x0000001a   Code   RO          681    !!handler_copy      c_w.l(__scatter_copy.o)
    0x0800022e   0x0800022e   0x00000002   PAD
    0x08000230   0x08000230   0x0000001c   Code   RO          683    !!handler_zi        c_w.l(__scatter_zi.o)
    0x0800024c   0x0800024c   0x00000000   Code   RO          506    .ARM.Collect$$_printf_percent$$00000000  c_w.l(_printf_percent.o)
    0x0800024c   0x0800024c   0x00000006   Code   RO          505    .ARM.Collect$$_printf_percent$$0000000A  c_w.l(_printf_u.o)
    0x08000252   0x08000252   0x00000004   Code   RO          520    .ARM.Collect$$_printf_percent$$00000017  c_w.l(_printf_percent_end.o)
    0x08000256   0x08000256   0x00000002   Code   RO          547    .ARM.Collect$$libinit$$00000000  c_w.l(libinit.o)
    0x08000258   0x08000258   0x00000000   Code   RO          554    .ARM.Collect$$libinit$$00000002  c_w.l(libinit2.o)
    0x08000258   0x08000258   0x00000000   Code   RO          556    .ARM.Collect$$libinit$$00000004  c_w.l(libinit2.o)
    0x08000258   0x08000258   0x00000000   Code   RO          559    .ARM.Collect$$libinit$$0000000A  c_w.l(libinit2.o)
    0x08000258   0x08000258   0x00000000   Code   RO          561    .ARM.Collect$$libinit$$0000000C  c_w.l(libinit2.o)
    0x08000258   0x08000258   0x00000000   Code   RO          563    .ARM.Collect$$libinit$$0000000E  c_w.l(libinit2.o)
    0x08000258   0x08000258   0x00000000   Code   RO          566    .ARM.Collect$$libinit$$00000011  c_w.l(libinit2.o)
    0x08000258   0x08000258   0x00000000   Code   RO          568    .ARM.Collect$$libinit$$00000013  c_w.l(libinit2.o)
    0x08000258   0x08000258   0x00000000   Code   RO          570    .ARM.Collect$$libinit$$00000015  c_w.l(libinit2.o)
    0x08000258   0x08000258   0x00000000   Code   RO          572    .ARM.Collect$$libinit$$00000017  c_w.l(libinit2.o)
    0x08000258   0x08000258   0x00000000   Code   RO          574    .ARM.Collect$$libinit$$00000019  c_w.l(libinit2.o)
    0x08000258   0x08000258   0x00000000   Code   RO          576    .ARM.Collect$$libinit$$0000001B  c_w.l(libinit2.o)
    0x08000258   0x08000258   0x00000000   Code   RO          578    .ARM.Collect$$libinit$$0000001D  c_w.l(libinit2.o)
    0x08000258   0x08000258   0x00000000   Code   RO          580    .ARM.Collect$$libinit$$0000001F  c_w.l(libinit2.o)
    0x08000258   0x08000258   0x00000000   Code   RO          582    .ARM.Collect$$libinit$$00000021  c_w.l(libinit2.o)
    0x08000258   0x08000258   0x00000000   Code   RO          584    .ARM.Collect$$libinit$$00000023  c_w.l(libinit2.o)
    0x08000258   0x08000258   0x00000000   Code   RO          586    .ARM.Collect$$libinit$$00000025  c_w.l(libinit2.o)
    0x08000258   0x08000258   0x00000000   Code   RO          590    .ARM.Collect$$libinit$$0000002C  c_w.l(libinit2.o)
    0x08000258   0x08000258   0x00000000   Code   RO          592    .ARM.Collect$$libinit$$0000002E  c_w.l(libinit2.o)
    0x08000258   0x08000258   0x00000000   Code   RO          594    .ARM.Collect$$libinit$$00000030  c_w.l(libinit2.o)
    0x08000258   0x08000258   0x00000000   Code   RO          596    .ARM.Collect$$libinit$$00000032  c_w.l(libinit2.o)
    0x08000258   0x08000258   0x00000002   Code   RO          597    .ARM.Collect$$libinit$$00000033  c_w.l(libinit2.o)
    0x0800025a   0x0800025a   0x00000002   Code   RO          617    .ARM.Collect$$libshutdown$$00000000  c_w.l(libshutdown.o)
    0x0800025c   0x0800025c   0x00000000   Code   RO          630    .ARM.Collect$$libshutdown$$00000002  c_w.l(libshutdown2.o)
    0x0800025c   0x0800025c   0x00000000   Code   RO          632    .ARM.Collect$$libshutdown$$00000004  c_w.l(libshutdown2.o)
    0x0800025c   0x0800025c   0x00000000   Code   RO          634    .ARM.Collect$$libshutdown$$00000006  c_w.l(libshutdown2.o)
    0x0800025c   0x0800025c   0x00000000   Code   RO          637    .ARM.Collect$$libshutdown$$00000009  c_w.l(libshutdown2.o)
    0x0800025c   0x0800025c   0x00000000   Code   RO          640    .ARM.Collect$$libshutdown$$0000000C  c_w.l(libshutdown2.o)
    0x0800025c   0x0800025c   0x00000000   Code   RO          642    .ARM.Collect$$libshutdown$$0000000E  c_w.l(libshutdown2.o)
    0x0800025c   0x0800025c   0x00000000   Code   RO          645    .ARM.Collect$$libshutdown$$00000011  c_w.l(libshutdown2.o)
    0x0800025c   0x0800025c   0x00000002   Code   RO          646    .ARM.Collect$$libshutdown$$00000012  c_w.l(libshutdown2.o)
    0x0800025e   0x0800025e   0x00000000   Code   RO          511    .ARM.Collect$$rtentry$$00000000  c_w.l(__rtentry.o)
    0x0800025e   0x0800025e   0x00000000   Code   RO          522    .ARM.Collect$$rtentry$$00000002  c_w.l(__rtentry2.o)
    0x0800025e   0x0800025e   0x00000006   Code   RO          534    .ARM.Collect$$rtentry$$00000004  c_w.l(__rtentry4.o)
    0x08000264   0x08000264   0x00000000   Code   RO          524    .ARM.Collect$$rtentry$$00000009  c_w.l(__rtentry2.o)
    0x08000264   0x08000264   0x00000004   Code   RO          525    .ARM.Collect$$rtentry$$0000000A  c_w.l(__rtentry2.o)
    0x08000268   0x08000268   0x00000000   Code   RO          527    .ARM.Collect$$rtentry$$0000000C  c_w.l(__rtentry2.o)
    0x08000268   0x08000268   0x00000008   Code   RO          528    .ARM.Collect$$rtentry$$0000000D  c_w.l(__rtentry2.o)
    0x08000270   0x08000270   0x00000002   Code   RO          551    .ARM.Collect$$rtexit$$00000000  c_w.l(rtexit.o)
    0x08000272   0x08000272   0x00000000   Code   RO          599    .ARM.Collect$$rtexit$$00000002  c_w.l(rtexit2.o)
    0x08000272   0x08000272   0x00000004   Code   RO          600    .ARM.Collect$$rtexit$$00000003  c_w.l(rtexit2.o)
    0x08000276   0x08000276   0x00000006   Code   RO          601    .ARM.Collect$$rtexit$$00000004  c_w.l(rtexit2.o)
    0x0800027c   0x0800027c   0x00000040   Code   RO          471    .text               startup_stm32g474xx.o
    0x080002bc   0x080002bc   0x00000034   Code   RO          479    .text               c_w.l(noretval__2snprintf.o)
    0x080002f0   0x080002f0   0x00000068   Code   RO          481    .text               c_w.l(__printf.o)
    0x08000358   0x08000358   0x00000078   Code   RO          483    .text               c_w.l(_printf_dec.o)
    0x080003d0   0x080003d0   0x00000006   Code   RO          507    .text               c_w.l(heapauxi.o)
    0x080003d6   0x080003d6   0x000000b2   Code   RO          512    .text               c_w.l(_printf_intcommon.o)
    0x08000488   0x08000488   0x00000030   Code   RO          514    .text               c_w.l(_printf_char_common.o)
    0x080004b8   0x080004b8   0x0000000a   Code   RO          516    .text               c_w.l(_sputc.o)
    0x080004c2   0x080004c2   0x00000010   Code   RO          518    .text               c_w.l(_snputc.o)
    0x080004d2   0x080004d2   0x0000004a   Code   RO          538    .text               c_w.l(sys_stackheap_outer.o)
    0x0800051c   0x0800051c   0x00000012   Code   RO          540    .text               c_w.l(exit.o)
    0x0800052e   0x0800052e   0x00000002   PAD
    0x08000530   0x08000530   0x00000008   Code   RO          548    .text               c_w.l(libspace.o)
    0x08000538   0x08000538   0x0000000c   Code   RO          609    .text               c_w.l(sys_exit.o)
    0x08000544   0x08000544   0x00000002   Code   RO          620    .text               c_w.l(use_no_semi.o)
    0x08000546   0x08000546   0x00000000   Code   RO          622    .text               c_w.l(indicate_semi.o)
    0x08000546   0x08000546   0x00000002   PAD
    0x08000548   0x08000548   0x0000001a   Code   RO           88    DELAY               delay.o
    0x08000562   0x08000562   0x00000002   PAD
    0x08000564   0x08000564   0x0000004c   Code   RO          391    i.CMPS14_GetHeading  cmps14.o
    0x080005b0   0x080005b0   0x00000094   Code   RO          392    i.CMPS14_Init       cmps14.o
    0x08000644   0x08000644   0x00000016   Code   RO          393    i.CmpsHandler       cmps14.o
    0x0800065a   0x0800065a   0x00000026   Code   RO          159    i.DisplayHandler    display.o
    0x08000680   0x08000680   0x00000290   Code   RO          160    i.DisplayInit       display.o
    0x08000910   0x08000910   0x00000084   Code   RO          161    i.DisplaySonicDistance  display.o
    0x08000994   0x08000994   0x00000078   Code   RO           92    i.GetEvent          event.o
    0x08000a0c   0x08000a0c   0x00000014   Code   RO           93    i.InitEventHandler  event.o
    0x08000a20   0x08000a20   0x00000034   Code   RO          162    i.LCD_Clear         display.o
    0x08000a54   0x08000a54   0x00000024   Code   RO          163    i.LCD_ClearText     display.o
    0x08000a78   0x08000a78   0x00000022   Code   RO          165    i.LCD_DrawHLine     display.o
    0x08000a9a   0x08000a9a   0x00000038   Code   RO          166    i.LCD_DrawRect      display.o
    0x08000ad2   0x08000ad2   0x00000022   Code   RO          167    i.LCD_DrawVLine     display.o
    0x08000af4   0x08000af4   0x00000016   Code   RO          168    i.LCD_PutChar       display.o
    0x08000b0a   0x08000b0a   0x00000016   Code   RO          169    i.LCD_PutString     display.o
    0x08000b20   0x08000b20   0x00000022   Code   RO          170    i.LCD_SetCursor     display.o
    0x08000b42   0x08000b42   0x0000002c   Code   RO          171    i.LCD_SetGraphicAddress  display.o
    0x08000b6e   0x08000b6e   0x0000002c   Code   RO          172    i.LCD_SetPixel      display.o
    0x08000b9a   0x08000b9a   0x00000010   Code   RO          173    i.LCD_Write_CMD     display.o
    0x08000baa   0x08000baa   0x00000010   Code   RO          174    i.LCD_Write_DATA    display.o
    0x08000bba   0x08000bba   0x00000012   Code   RO          175    i.LCD_Write_WORD    display.o
    0x08000bcc   0x08000bcc   0x00000070   Code   RO           94    i.SetEvent          event.o
    0x08000c3c   0x08000c3c   0x0000001e   Code   RO          176    i.Set_Graphic_Init  display.o
    0x08000c5a   0x08000c5a   0x0000001c   Code   RO          177    i.Set_Text_Init     display.o
    0x08000c76   0x08000c76   0x00000002   PAD
    0x08000c78   0x08000c78   0x0000000c   Code   RO          315    i.SonicGetDistanceLeft  sonic.o
    0x08000c84   0x08000c84   0x0000000c   Code   RO          316    i.SonicGetDistanceMiddle  sonic.o
    0x08000c90   0x08000c90   0x0000000c   Code   RO          317    i.SonicGetDistanceRight  sonic.o
    0x08000c9c   0x08000c9c   0x00000078   Code   RO          318    i.SonicHandler      sonic.o
    0x08000d14   0x08000d14   0x00000030   Code   RO          319    i.SonicInit         sonic.o
    0x08000d44   0x08000d44   0x000000a8   Code   RO          321    i.SonicReadSensor   sonic.o
    0x08000dec   0x08000dec   0x00000018   Code   RO          322    i.SonicSetInput     sonic.o
    0x08000e04   0x08000e04   0x00000028   Code   RO          323    i.SonicSetOutput    sonic.o
    0x08000e2c   0x08000e2c   0x00000064   Code   RO            4    i.SysTick_Handler   main.o
    0x08000e90   0x08000e90   0x0000006c   Code   RO          428    i.SystemInit        system_stm32g4xx.o
    0x08000efc   0x08000efc   0x00000012   Code   RO          178    i.Wait_Ready        display.o
    0x08000f0e   0x08000f0e   0x00000002   PAD
    0x08000f10   0x08000f10   0x0000002c   Code   RO          179    i.bufferedPutString  display.o
    0x08000f3c   0x08000f3c   0x00000094   Code   RO            5    i.main              main.o
    0x08000fd0   0x08000fd0   0x00000008   Code   RO          180    i.readStatus        display.o
    0x08000fd8   0x08000fd8   0x00000020   Data   RO          677    Region$$Table       anon$$obj.o


    Execution Region RW_IRAM1 (Exec base: 0x20000000, Load base: 0x08000ff8, Size: 0x00000998, Max: 0x00020000, ABSOLUTE)

    Exec Addr    Load Addr    Size         Type   Attr      Idx    E Section Name        Object

    0x20000000   0x08000ff8   0x00000004   Data   RW            6    .data               main.o
    0x20000004   0x08000ffc   0x0000000a   Data   RW          324    .data               sonic.o
    0x2000000e   0x08001006   0x00000002   PAD
    0x20000010   0x08001008   0x00000004   Data   RW          430    .data               system_stm32g4xx.o
    0x20000014        -       0x00000324   Zero   RW           95    .bss                event.o
    0x20000338        -       0x00000060   Zero   RW          549    .bss                c_w.l(libspace.o)
    0x20000398        -       0x00000200   Zero   RW          469    HEAP                startup_stm32g474xx.o
    0x20000598        -       0x00000400   Zero   RW          468    STACK               startup_stm32g474xx.o


==============================================================================

Image component sizes


      Code (inc. data)   RO Data    RW Data    ZI Data      Debug   Object Name

       246         16          0          0          0       1368   cmps14.o
        26          2          0          0          0        332   delay.o
      1382         58          0          0          0      10899   display.o
       252         18          0          0        804       2622   event.o
       248         16          0          4          0     683580   main.o
       436         68          0         10          0       4347   sonic.o
        64         26        472          0       1536        792   startup_stm32g474xx.o
       108          8          0          4          0       1347   system_stm32g4xx.o

    ----------------------------------------------------------------------
      2768        212        504         20       2340     705287   Object Totals
         0          0         32          0          0          0   (incl. Generated)
         6          0          0          2          0          0   (incl. Padding)

    ----------------------------------------------------------------------

      Code (inc. data)   RO Data    RW Data    ZI Data      Debug   Library Member Name

         8          0          0          0          0         68   __main.o
       104          0          0          0          0         84   __printf.o
         0          0          0          0          0          0   __rtentry.o
        12          0          0          0          0          0   __rtentry2.o
         6          0          0          0          0          0   __rtentry4.o
        52          8          0          0          0          0   __scatter.o
        26          0          0          0          0          0   __scatter_copy.o
        28          0          0          0          0          0   __scatter_zi.o
        48          6          0          0          0         96   _printf_char_common.o
       120         16          0          0          0         92   _printf_dec.o
       178          0          0          0          0         88   _printf_intcommon.o
         0          0          0          0          0          0   _printf_percent.o
         4          0          0          0          0          0   _printf_percent_end.o
         6          0          0          0          0          0   _printf_u.o
        16          0          0          0          0         68   _snputc.o
        10          0          0          0          0         68   _sputc.o
        18          0          0          0          0         80   exit.o
         6          0          0          0          0        152   heapauxi.o
         0          0          0          0          0          0   indicate_semi.o
         2          0          0          0          0          0   libinit.o
         2          0          0          0          0          0   libinit2.o
         2          0          0          0          0          0   libshutdown.o
         2          0          0          0          0          0   libshutdown2.o
         8          4          0          0         96         68   libspace.o
        52          4          0          0          0         84   noretval__2snprintf.o
         2          0          0          0          0          0   rtexit.o
        10          0          0          0          0          0   rtexit2.o
        12          4          0          0          0         68   sys_exit.o
        74          0          0          0          0         80   sys_stackheap_outer.o
         2          0          0          0          0         68   use_no_semi.o

    ----------------------------------------------------------------------
       816         42          0          0         96       1164   Library Totals
         6          0          0          0          0          0   (incl. Padding)

    ----------------------------------------------------------------------

      Code (inc. data)   RO Data    RW Data    ZI Data      Debug   Library Name

       810         42          0          0         96       1164   c_w.l

    ----------------------------------------------------------------------
       816         42          0          0         96       1164   Library Totals

    ----------------------------------------------------------------------

==============================================================================


      Code (inc. data)   RO Data    RW Data    ZI Data      Debug   

      3584        254        504         20       2436     704107   Grand Totals
      3584        254        504         20       2436     704107   ELF Image Totals
      3584        254        504         20          0          0   ROM Totals

==============================================================================

    Total RO  Size (Code + RO Data)                 4088 (   3.99kB)
    Total RW  Size (RW Data + ZI Data)              2456 (   2.40kB)
    Total ROM Size (Code + RO Data + RW Data)       4108 (   4.01kB)

==============================================================================

